Component: ARM Compiler 5.06 update 6 (build 750) Tool: armlink [4d35ed]

==============================================================================

Section Cross References

    startup.o(STACK) refers (Special) to heapauxi.o(.text) for __use_two_region_memory
    startup.o(HEAP) refers (Special) to heapauxi.o(.text) for __use_two_region_memory
    startup.o(RESET) refers (Special) to heapauxi.o(.text) for __use_two_region_memory
    startup.o(RESET) refers to portasm_1.o(PORT_ASM) for vPortYieldProcessor
    startup.o(RESET) refers to startup.o(STACK) for Stack_Top
    startup.o(RESET) refers to __main.o(!!!main) for __main
    startup.o(.text) refers (Special) to heapauxi.o(.text) for __use_two_region_memory
    startup.o(.text) refers to startup.o(HEAP) for Heap_Mem
    startup.o(.text) refers to startup.o(STACK) for Stack_Mem
    serial.o(i.vSerialPutString) refers to serial.o(i.xSerialPutChar) for xSerialPutChar
    serial.o(i.vSerialPutString) refers to serial.o(.data) for txDataSizeLeftToSend
    serial.o(i.vSerialPutString) refers to serial.o(.bss) for txBuffer
    serial.o(i.vUART_ISRHandler) refers to serial.o(.data) for txDataSizeLeftToSend
    serial.o(i.vUART_ISRHandler) refers to serial.o(.bss) for txBuffer
    serial.o(i.xSerialGetChar) refers to serial.o(.data) for isNewCharAvailable
    serial.o(i.xSerialPortInitMinimal) refers to aeabi_sdiv.o(.text_udiv) for __aeabi_uidivmod
    serial.o(i.xSerialPortInitMinimal) refers to serialisr.o(.text) for vUART_ISREntry
    main.o(i.Task_1) refers to tasks.o(i.xTaskGetTickCount) for xTaskGetTickCount
    main.o(i.Task_1) refers to tasks.o(i.vTaskSetApplicationTaskTag) for vTaskSetApplicationTaskTag
    main.o(i.Task_1) refers to tasks.o(i.xTaskDelayUntil) for xTaskDelayUntil
    main.o(i.Task_2) refers to tasks.o(i.xTaskGetTickCount) for xTaskGetTickCount
    main.o(i.Task_2) refers to tasks.o(i.vTaskSetApplicationTaskTag) for vTaskSetApplicationTaskTag
    main.o(i.Task_2) refers to tasks.o(i.xTaskDelayUntil) for xTaskDelayUntil
    main.o(i.Task_3) refers to tasks.o(i.xTaskGetTickCount) for xTaskGetTickCount
    main.o(i.Task_3) refers to tasks.o(i.vTaskSetApplicationTaskTag) for vTaskSetApplicationTaskTag
    main.o(i.Task_3) refers to tasks.o(i.xTaskDelayUntil) for xTaskDelayUntil
    main.o(i.main) refers to main.o(i.prvSetupHardware) for prvSetupHardware
    main.o(i.main) refers to tasks.o(i.xTaskPeriodicCreate) for xTaskPeriodicCreate
    main.o(i.main) refers to tasks.o(i.vTaskStartScheduler) for vTaskStartScheduler
    main.o(i.main) refers to main.o(.data) for Task1Handler
    main.o(i.main) refers to main.o(i.Task_1) for Task_1
    main.o(i.main) refers to main.o(i.Task_2) for Task_2
    main.o(i.main) refers to main.o(i.Task_3) for Task_3
    main.o(i.prvSetupHardware) refers to gpio.o(i.GPIO_init) for GPIO_init
    main.o(i.prvSetupHardware) refers to main.o(i.configTimer1) for configTimer1
    gpio.o(i.GPIO_init) refers to gpio_cfg.o(.data) for PinConfig_array
    serialisr.o(.text) refers to port_1.o(.data) for ulCriticalNesting
    serialisr.o(.text) refers to tasks.o(.data) for pxCurrentTCB
    serialisr.o(.text) refers to serial.o(i.vUART_ISRHandler) for vUART_ISRHandler
    queue.o(i.prvCopyDataFromQueue) refers to rt_memcpy.o(.text) for __aeabi_memcpy
    queue.o(i.prvCopyDataToQueue) refers to tasks.o(i.xTaskPriorityDisinherit) for xTaskPriorityDisinherit
    queue.o(i.prvCopyDataToQueue) refers to rt_memcpy.o(.text) for __aeabi_memcpy
    queue.o(i.prvInitialiseMutex) refers to queue.o(i.xQueueGenericSend) for xQueueGenericSend
    queue.o(i.prvInitialiseNewQueue) refers to queue.o(i.xQueueGenericReset) for xQueueGenericReset
    queue.o(i.prvIsQueueEmpty) refers to port_1.o(i.vPortEnterCritical) for vPortEnterCritical
    queue.o(i.prvIsQueueEmpty) refers to port_1.o(i.vPortExitCritical) for vPortExitCritical
    queue.o(i.prvIsQueueFull) refers to port_1.o(i.vPortEnterCritical) for vPortEnterCritical
    queue.o(i.prvIsQueueFull) refers to port_1.o(i.vPortExitCritical) for vPortExitCritical
    queue.o(i.prvUnlockQueue) refers to port_1.o(i.vPortEnterCritical) for vPortEnterCritical
    queue.o(i.prvUnlockQueue) refers to tasks.o(i.xTaskRemoveFromEventList) for xTaskRemoveFromEventList
    queue.o(i.prvUnlockQueue) refers to tasks.o(i.vTaskMissedYield) for vTaskMissedYield
    queue.o(i.prvUnlockQueue) refers to port_1.o(i.vPortExitCritical) for vPortExitCritical
    queue.o(i.uxQueueMessagesWaiting) refers to port_1.o(i.vPortEnterCritical) for vPortEnterCritical
    queue.o(i.uxQueueMessagesWaiting) refers to port_1.o(i.vPortExitCritical) for vPortExitCritical
    queue.o(i.uxQueueSpacesAvailable) refers to port_1.o(i.vPortEnterCritical) for vPortEnterCritical
    queue.o(i.uxQueueSpacesAvailable) refers to port_1.o(i.vPortExitCritical) for vPortExitCritical
    queue.o(i.vQueueDelete) refers to heap_2.o(i.vPortFree) for vPortFree
[...]
    tasks.o(i.xTaskGenericNotifyWait) refers to port_1.o(i.vPortEnterCritical) for vPortEnterCritical
    tasks.o(i.xTaskGenericNotifyWait) refers to tasks.o(i.prvAddCurrentTaskToDelayedList) for prvAddCurrentTaskToDelayedList
    tasks.o(i.xTaskGenericNotifyWait) refers to portasm_1.o(PORT_ASM) for vPortYield
    tasks.o(i.xTaskGenericNotifyWait) refers to port_1.o(i.vPortExitCritical) for vPortExitCritical
    tasks.o(i.xTaskGenericNotifyWait) refers to tasks.o(.data) for pxCurrentTCB
    tasks.o(i.xTaskGetApplicationTaskTag) refers to port_1.o(i.vPortEnterCritical) for vPortEnterCritical
    tasks.o(i.xTaskGetApplicationTaskTag) refers to port_1.o(i.vPortExitCritical) for vPortExitCritical
    tasks.o(i.xTaskGetApplicationTaskTag) refers to tasks.o(.data) for pxCurrentTCB
    tasks.o(i.xTaskGetApplicationTaskTagFromISR) refers to tasks.o(.data) for pxCurrentTCB
    tasks.o(i.xTaskGetCurrentTaskHandle) refers to tasks.o(.data) for pxCurrentTCB
    tasks.o(i.xTaskGetTickCount) refers to port_1.o(i.vPortEnterCritical) for vPortEnterCritical
    tasks.o(i.xTaskGetTickCount) refers to port_1.o(i.vPortExitCritical) for vPortExitCritical
    tasks.o(i.xTaskGetTickCount) refers to tasks.o(.data) for xTickCount
    tasks.o(i.xTaskGetTickCountFromISR) refers to tasks.o(.data) for xTickCount
    tasks.o(i.xTaskIncrementTick) refers to tasks.o(i.prvResetNextTaskUnblockTime) for prvResetNextTaskUnblockTime
    tasks.o(i.xTaskIncrementTick) refers to list.o(i.uxListRemove) for uxListRemove
    tasks.o(i.xTaskIncrementTick) refers to tasks.o(i.xTaskGetTickCount) for xTaskGetTickCount
    tasks.o(i.xTaskIncrementTick) refers to list.o(i.vListInsert) for vListInsert
    tasks.o(i.xTaskIncrementTick) refers to tasks.o(.data) for uxSchedulerSuspended
    tasks.o(i.xTaskIncrementTick) refers to tasks.o(.bss) for xReadyTasksListEDF
    tasks.o(i.xTaskPeriodicCreate) refers to heap_2.o(i.pvPortMalloc) for pvPortMalloc
    tasks.o(i.xTaskPeriodicCreate) refers to heap_2.o(i.vPortFree) for vPortFree
    tasks.o(i.xTaskPeriodicCreate) refers to tasks.o(i.prvInitialiseNewTask) for prvInitialiseNewTask
    tasks.o(i.xTaskPeriodicCreate) refers to tasks.o(i.xTaskGetTickCount) for xTaskGetTickCount
    tasks.o(i.xTaskPeriodicCreate) refers to tasks.o(i.prvAddNewTaskToReadyList) for prvAddNewTaskToReadyList
    tasks.o(i.xTaskPriorityDisinherit) refers to list.o(i.uxListRemove) for uxListRemove
    tasks.o(i.xTaskPriorityDisinherit) refers to list.o(i.vListInsert) for vListInsert
    tasks.o(i.xTaskPriorityDisinherit) refers to tasks.o(.data) for uxTopReadyPriority
    tasks.o(i.xTaskPriorityDisinherit) refers to tasks.o(.bss) for xReadyTasksListEDF
    tasks.o(i.xTaskPriorityInherit) refers to list.o(i.uxListRemove) for uxListRemove
    tasks.o(i.xTaskPriorityInherit) refers to list.o(i.vListInsert) for vListInsert
    tasks.o(i.xTaskPriorityInherit) refers to tasks.o(.data) for pxCurrentTCB
    tasks.o(i.xTaskPriorityInherit) refers to tasks.o(.bss) for pxReadyTasksLists
    tasks.o(i.xTaskRemoveFromEventList) refers to list.o(i.uxListRemove) for uxListRemove
    tasks.o(i.xTaskRemoveFromEventList) refers to list.o(i.vListInsert) for vListInsert
    tasks.o(i.xTaskRemoveFromEventList) refers to list.o(i.vListInsertEnd) for vListInsertEnd
    tasks.o(i.xTaskRemoveFromEventList) refers to tasks.o(.data) for uxSchedulerSuspended
    tasks.o(i.xTaskRemoveFromEventList) refers to tasks.o(.bss) for xReadyTasksListEDF
    tasks.o(i.xTaskResumeAll) refers to port_1.o(i.vPortEnterCritical) for vPortEnterCritical
    tasks.o(i.xTaskResumeAll) refers to list.o(i.uxListRemove) for uxListRemove
    tasks.o(i.xTaskResumeAll) refers to list.o(i.vListInsert) for vListInsert
    tasks.o(i.xTaskResumeAll) refers to tasks.o(i.prvResetNextTaskUnblockTime) for prvResetNextTaskUnblockTime
    tasks.o(i.xTaskResumeAll) refers to tasks.o(i.xTaskIncrementTick) for xTaskIncrementTick
    tasks.o(i.xTaskResumeAll) refers to portasm_1.o(PORT_ASM) for vPortYield
    tasks.o(i.xTaskResumeAll) refers to port_1.o(i.vPortExitCritical) for vPortExitCritical
    tasks.o(i.xTaskResumeAll) refers to tasks.o(.data) for uxSchedulerSuspended
    tasks.o(i.xTaskResumeAll) refers to tasks.o(.bss) for xPendingReadyList
    tasks.o(i.xTaskResumeFromISR) refers to tasks.o(i.prvTaskIsTaskSuspended) for prvTaskIsTaskSuspended
    tasks.o(i.xTaskResumeFromISR) refers to list.o(i.uxListRemove) for uxListRemove
    tasks.o(i.xTaskResumeFromISR) refers to list.o(i.vListInsert) for vListInsert
    tasks.o(i.xTaskResumeFromISR) refers to list.o(i.vListInsertEnd) for vListInsertEnd
    tasks.o(i.xTaskResumeFromISR) refers to tasks.o(.data) for uxSchedulerSuspended
    tasks.o(i.xTaskResumeFromISR) refers to tasks.o(.bss) for xReadyTasksListEDF
    port_1.o(i.prvSetupTimerInterrupt) refers to portasm_1.o(PORT_ASM) for vPreemptiveTick
    port_1.o(i.vPortEnterCritical) refers to port_1.o(.data) for ulCriticalNesting
    port_1.o(i.vPortExitCritical) refers to port_1.o(.data) for ulCriticalNesting
    port_1.o(i.xPortStartScheduler) refers to port_1.o(i.prvSetupTimerInterrupt) for prvSetupTimerInterrupt
    port_1.o(i.xPortStartScheduler) refers to portasm_1.o(PORT_ASM) for vPortStartFirstTask
    heap_2.o(i.prvHeapInit) refers to heap_2.o(.bss) for ucHeap
    heap_2.o(i.prvHeapInit) refers to heap_2.o(.data) for xStart
    heap_2.o(i.pvPortMalloc) refers to tasks.o(i.vTaskSuspendAll) for vTaskSuspendAll
    heap_2.o(i.pvPortMalloc) refers to heap_2.o(i.prvHeapInit) for prvHeapInit
    heap_2.o(i.pvPortMalloc) refers to tasks.o(i.xTaskResumeAll) for xTaskResumeAll
    heap_2.o(i.pvPortMalloc) refers to heap_2.o(.data) for xHeapHasBeenInitialised
    heap_2.o(i.vPortFree) refers to tasks.o(i.vTaskSuspendAll) for vTaskSuspendAll
    heap_2.o(i.vPortFree) refers to tasks.o(i.xTaskResumeAll) for xTaskResumeAll
    heap_2.o(i.vPortFree) refers to heap_2.o(.data) for xStart
    heap_2.o(i.xPortGetFreeHeapSize) refers to heap_2.o(.data) for xFreeBytesRemaining
    portasm_1.o(PORT_ASM) refers to tasks.o(.data) for pxCurrentTCB
    portasm_1.o(PORT_ASM) refers to port_1.o(.data) for ulCriticalNesting
    portasm_1.o(PORT_ASM) refers to tasks.o(i.vTaskSwitchContext) for vTaskSwitchContext
    portasm_1.o(PORT_ASM) refers to tasks.o(i.xTaskIncrementTick) for xTaskIncrementTick
    __2sprintf.o(.text) refers to _printf_char_common.o(.text) for _printf_char_common
    __2sprintf.o(.text) refers to _sputc.o(.text) for _sputc
    noretval__2sprintf.o(.text) refers to _printf_char_common.o(.text) for _printf_char_common
    noretval__2sprintf.o(.text) refers to _sputc.o(.text) for _sputc
    __printf.o(.text) refers to __printf.o(i.__ARM_common_call_via_r1) for __ARM_common_call_via_r1
    __printf.o(.text) refers to _printf_percent.o(.ARM.Collect$$_printf_percent$$00000000) for _printf_percent
    __printf.o(.text) refers to __printf.o(i.__ARM_common_call_via_r2) for __ARM_common_call_via_r2
    _printf_str.o(.text) refers (Special) to _printf_char.o(.text) for _printf_cs_common
    _printf_str.o(.text) refers to __printf.o(i.__ARM_common_call_via_r2) for __ARM_common_call_via_r2
    _printf_dec.o(.text) refers to rtudiv10.o(.text) for __rt_udiv10
    _printf_dec.o(.text) refers to _printf_intcommon.o(.text) for _printf_int_common
    __printf_flags.o(.text) refers to __printf.o(i.__ARM_common_call_via_r1) for __ARM_common_call_via_r1
    __printf_flags.o(.text) refers to _printf_percent.o(.ARM.Collect$$_printf_percent$$00000000) for _printf_percent
    __printf_flags.o(.text) refers to __printf.o(i.__ARM_common_call_via_r2) for __ARM_common_call_via_r2
    __printf_flags.o(.text) refers to __printf_flags.o(.constdata) for .constdata
    __printf_ss.o(.text) refers to __printf.o(i.__ARM_common_call_via_r1) for __ARM_common_call_via_r1
    __printf_ss.o(.text) refers to _printf_percent.o(.ARM.Collect$$_printf_percent$$00000000) for _printf_percent
    __printf_ss.o(.text) refers to __printf.o(i.__ARM_common_call_via_r2) for __ARM_common_call_via_r2
    __printf_flags_ss.o(.text) refers to __printf.o(i.__ARM_common_call_via_r1) for __ARM_common_call_via_r1
    __printf_flags_ss.o(.text) refers to _printf_percent.o(.ARM.Collect$$_printf_percent$$00000000) for _printf_percent
    __printf_flags_ss.o(.text) refers to __printf.o(i.__ARM_common_call_via_r2) for __ARM_common_call_via_r2
    __printf_flags_ss.o(.text) refers to __printf_flags_ss.o(.constdata) for .constdata
    __printf_wp.o(.text) refers to __printf.o(i.__ARM_common_call_via_r1) for __ARM_common_call_via_r1
    __printf_wp.o(.text) refers to __printf_wp.o(i._is_digit) for _is_digit
    __printf_wp.o(.text) refers to _printf_percent.o(.ARM.Collect$$_printf_percent$$00000000) for _printf_percent
    __printf_wp.o(.text) refers to __printf.o(i.__ARM_common_call_via_r2) for __ARM_common_call_via_r2
    __printf_flags_wp.o(.text) refers to __printf.o(i.__ARM_common_call_via_r1) for __ARM_common_call_via_r1
    __printf_flags_wp.o(.text) refers to __printf_wp.o(i._is_digit) for _is_digit
    __printf_flags_wp.o(.text) refers to _printf_percent.o(.ARM.Collect$$_printf_percent$$00000000) for _printf_percent
    __printf_flags_wp.o(.text) refers to __printf.o(i.__ARM_common_call_via_r2) for __ARM_common_call_via_r2
    __printf_flags_wp.o(.text) refers to __printf_flags_wp.o(.constdata) for .constdata
    __printf_ss_wp.o(.text) refers to __printf.o(i.__ARM_common_call_via_r1) for __ARM_common_call_via_r1
    __printf_ss_wp.o(.text) refers to __printf_wp.o(i._is_digit) for _is_digit
    __printf_ss_wp.o(.text) refers to _printf_percent.o(.ARM.Collect$$_printf_percent$$00000000) for _printf_percent
    __printf_ss_wp.o(.text) refers to __printf.o(i.__ARM_common_call_via_r2) for __ARM_common_call_via_r2
    __printf_flags_ss_wp.o(.text) refers to __printf.o(i.__ARM_common_call_via_r1) for __ARM_common_call_via_r1
    __printf_flags_ss_wp.o(.text) refers to __printf_wp.o(i._is_digit) for _is_digit
    __printf_flags_ss_wp.o(.text) refers to _printf_percent.o(.ARM.Collect$$_printf_percent$$00000000) for _printf_percent
    __printf_flags_ss_wp.o(.text) refers to __printf.o(i.__ARM_common_call_via_r2) for __ARM_common_call_via_r2
    __printf_flags_ss_wp.o(.text) refers to __printf_flags_ss_wp.o(.constdata) for .constdata
    _printf_c.o(.ARM.Collect$$_printf_percent$$00000013) refers (Weak) to _printf_char.o(.text) for _printf_char
    _printf_u.o(.ARM.Collect$$_printf_percent$$0000000A) refers (Weak) to _printf_dec.o(.text) for _printf_int_dec
    _printf_percent.o(.ARM.Collect$$_printf_percent$$00000000) refers (Special) to _printf_percent_end.o(.ARM.Collect$$_printf_percent$$00000017) for _printf_percent_end
    rt_memcpy.o(.text) refers to rt_memcpy_w.o(.text) for __aeabi_memcpy4
    aeabi_memset.o(.text) refers to rt_memclr.o(.text) for _memset
    aeabi_sdiv.o(.text_udiv) refers to aeabi_sdiv.o(.text) for __arm_div2
    aeabi_sdiv_div0.o(.text_udiv) refers to aeabi_sdiv_div0.o(.text) for __arm_div2
    __main.o(!!!main) refers to __rtentry.o(.ARM.Collect$$rtentry$$00000000) for __rt_entry
    fdiv.o(x$fpl$frdiv) refers (Special) to usenofp.o(x$fpl$usenofp) for __I$use$fp
    fdiv.o(x$fpl$frdiv) refers to fdiv.o(x$fpl$fdiv) for _fdiv1
    fdiv.o(x$fpl$fdiv) refers (Special) to usenofp.o(x$fpl$usenofp) for __I$use$fp
    fdiv.o(x$fpl$fdiv) refers to fretinf.o(x$fpl$fretinf) for __fpl_fretinf
    fdiv.o(x$fpl$fdiv) refers to fnaninf.o(x$fpl$fnaninf) for __fpl_fnaninf
    ffix.o(x$fpl$ffix) refers (Special) to usenofp.o(x$fpl$usenofp) for __I$use$fp
    ffix.o(x$fpl$ffix) refers to fnaninf.o(x$fpl$fnaninf) for __fpl_fnaninf
    ffix.o(x$fpl$ffixr) refers (Special) to usenofp.o(x$fpl$usenofp) for __I$use$fp
    ffix.o(x$fpl$ffixr) refers to fnaninf.o(x$fpl$fnaninf) for __fpl_fnaninf
    fflt_noclz.o(x$fpl$ffltu) refers (Special) to usenofp.o(x$fpl$usenofp) for __I$use$fp
    fflt_noclz.o(x$fpl$ffltu) refers to fflt_noclz.o(x$fpl$fflt) for __fflt_normalise
    fflt_noclz.o(x$fpl$fflt) refers (Special) to usenofp.o(x$fpl$usenofp) for __I$use$fp
    fmul.o(x$fpl$fmul) refers (Special) to usenofp.o(x$fpl$usenofp) for __I$use$fp
    fmul.o(x$fpl$fmul) refers to fretinf.o(x$fpl$fretinf) for __fpl_fretinf
    fmul.o(x$fpl$fmul) refers to fnaninf.o(x$fpl$fnaninf) for __fpl_fnaninf
    __rtentry.o(.ARM.Collect$$rtentry$$00000000) refers (Special) to __rtentry2.o(.ARM.Collect$$rtentry$$0000000A) for __rt_entry_li
    __rtentry.o(.ARM.Collect$$rtentry$$00000000) refers (Special) to __rtentry2.o(.ARM.Collect$$rtentry$$0000000D) for __rt_entry_main
    __rtentry.o(.ARM.Collect$$rtentry$$00000000) refers (Special) to __rtentry2.o(.ARM.Collect$$rtentry$$0000000C) for __rt_entry_postli_1
    __rtentry.o(.ARM.Collect$$rtentry$$00000000) refers (Special) to __rtentry2.o(.ARM.Collect$$rtentry$$00000009) for __rt_entry_postsh_1
    __rtentry.o(.ARM.Collect$$rtentry$$00000000) refers (Special) to __rtentry2.o(.ARM.Collect$$rtentry$$00000002) for __rt_entry_presh_1
    __rtentry.o(.ARM.Collect$$rtentry$$00000000) refers (Special) to __rtentry4.o(.ARM.Collect$$rtentry$$00000004) for __rt_entry_sh
    aeabi_idiv0_sigfpe.o(.text) refers to rt_div0.o(.text) for __rt_div0
    _printf_intcommon.o(.text) refers to __printf.o(i.__ARM_common_call_via_r2) for __ARM_common_call_via_r2
    _printf_char_common.o(.text) refers to __printf.o(.text) for __printf
    _printf_char.o(.text) refers (Weak) to _printf_str.o(.text) for _printf_str
    rt_memclr.o(.text) refers to rt_memclr_w.o(.text) for _memset_w
    fnaninf.o(x$fpl$fnaninf) refers (Special) to usenofp.o(x$fpl$usenofp) for __I$use$fp
    fretinf.o(x$fpl$fretinf) refers (Special) to usenofp.o(x$fpl$usenofp) for __I$use$fp
    __rtentry2.o(.ARM.Collect$$rtentry$$00000008) refers to boardinit2.o(.text) for _platform_post_stackheap_init
    __rtentry2.o(.ARM.Collect$$rtentry$$0000000A) refers to libinit.o(.ARM.Collect$$libinit$$00000000) for __rt_lib_init
    __rtentry2.o(.ARM.Collect$$rtentry$$0000000B) refers to boardinit3.o(.text) for _platform_post_lib_init
    __rtentry2.o(.ARM.Collect$$rtentry$$0000000D) refers to exit.o(.text) for exit
    __rtentry2.o(.ARM.Collect$$rtentry$$0000000D) refers to main.o(i.main) for main
    __rtentry2.o(.ARM.exidx) refers to __rtentry2.o(.ARM.Collect$$rtentry$$00000001) for .ARM.Collect$$rtentry$$00000001
    __rtentry2.o(.ARM.exidx) refers to __rtentry2.o(.ARM.Collect$$rtentry$$00000008) for .ARM.Collect$$rtentry$$00000008
    __rtentry2.o(.ARM.exidx) refers to __rtentry2.o(.ARM.Collect$$rtentry$$0000000A) for .ARM.Collect$$rtentry$$0000000A
    __rtentry2.o(.ARM.exidx) refers to __rtentry2.o(.ARM.Collect$$rtentry$$0000000B) for .ARM.Collect$$rtentry$$0000000B
    __rtentry2.o(.ARM.exidx) refers to __rtentry2.o(.ARM.Collect$$rtentry$$0000000D) for .ARM.Collect$$rtentry$$0000000D
    __rtentry4.o(.ARM.Collect$$rtentry$$00000004) refers to sys_stackheap_outer.o(.text) for __user_setup_stackheap
    __rtentry4.o(.ARM.exidx) refers to __rtentry4.o(.ARM.Collect$$rtentry$$00000004) for .ARM.Collect$$rtentry$$00000004
    rt_div0.o(.text) refers to defsig_fpe_outer.o(.text) for __rt_SIGFPE
    __printf_nopercent.o(.text) refers to __printf_nopercent.o(i.__ARM_common_call_via_r7) for __ARM_common_call_via_r7
    __printf_nopercent.o(.text) refers to __printf_nopercent.o(i.__ARM_common_call_via_r5) for __ARM_common_call_via_r5
    sys_stackheap_outer.o(.text) refers to libspace.o(.text) for __user_perproc_libspace
    sys_stackheap_outer.o(.text) refers to startup.o(.text) for __user_initial_stackheap
    exit.o(.text) refers to rtexit.o(.ARM.Collect$$rtexit$$00000000) for __rt_exit
    defsig_fpe_outer.o(.text) refers to defsig_fpe_inner.o(.text) for __rt_SIGFPE_inner
    defsig_fpe_outer.o(.text) refers to defsig_exit.o(.text) for __sig_exit
    defsig_fpe_formal.o(.text) refers to rt_raise.o(.text) for __rt_raise
    libinit.o(.ARM.Collect$$libinit$$00000000) refers (Special) to libinit2.o(.ARM.Collect$$libinit$$0000002E) for __rt_lib_init_alloca_1
    libinit.o(.ARM.Collect$$libinit$$00000000) refers (Special) to libinit2.o(.ARM.Collect$$libinit$$0000002C) for __rt_lib_init_argv_1
    libinit.o(.ARM.Collect$$libinit$$00000000) refers (Special) to libinit2.o(.ARM.Collect$$libinit$$0000001B) for __rt_lib_init_atexit_1
    libinit.o(.ARM.Collect$$libinit$$00000000) refers (Special) to libinit2.o(.ARM.Collect$$libinit$$00000021) for __rt_lib_init_clock_1
    libinit.o(.ARM.Collect$$libinit$$00000000) refers (Special) to libinit2.o(.ARM.Collect$$libinit$$00000032) for __rt_lib_init_cpp_1
    libinit.o(.ARM.Collect$$libinit$$00000000) refers (Special) to libinit2.o(.ARM.Collect$$libinit$$00000030) for __rt_lib_init_exceptions_1
    libinit.o(.ARM.Collect$$libinit$$00000000) refers (Special) to libinit2.o(.ARM.Collect$$libinit$$00000002) for __rt_lib_init_fp_1
    libinit.o(.ARM.Collect$$libinit$$00000000) refers (Special) to libinit2.o(.ARM.Collect$$libinit$$0000001F) for __rt_lib_init_fp_trap_1
    libinit.o(.ARM.Collect$$libinit$$00000000) refers (Special) to libinit2.o(.ARM.Collect$$libinit$$00000023) for __rt_lib_init_getenv_1
    libinit.o(.ARM.Collect$$libinit$$00000000) refers (Special) to libinit2.o(.ARM.Collect$$libinit$$0000000A) for __rt_lib_init_heap_1
    libinit.o(.ARM.Collect$$libinit$$00000000) refers (Special) to libinit2.o(.ARM.Collect$$libinit$$00000011) for __rt_lib_init_lc_collate_1
    libinit.o(.ARM.Collect$$libinit$$00000000) refers (Special) to libinit2.o(.ARM.Collect$$libinit$$00000013) for __rt_lib_init_lc_ctype_1
    libinit.o(.ARM.Collect$$libinit$$00000000) refers (Special) to libinit2.o(.ARM.Collect$$libinit$$00000015) for __rt_lib_init_lc_monetary_1
    libinit.o(.ARM.Collect$$libinit$$00000000) refers (Special) to libinit2.o(.ARM.Collect$$libinit$$00000017) for __rt_lib_init_lc_numeric_1
    libinit.o(.ARM.Collect$$libinit$$00000000) refers (Special) to libinit2.o(.ARM.Collect$$libinit$$00000019) for __rt_lib_init_lc_time_1
    libinit.o(.ARM.Collect$$libinit$$00000000) refers (Special) to libinit2.o(.ARM.Collect$$libinit$$00000004) for __rt_lib_init_preinit_1
    libinit.o(.ARM.Collect$$libinit$$00000000) refers (Special) to libinit2.o(.ARM.Collect$$libinit$$0000000E) for __rt_lib_init_rand_1
    libinit.o(.ARM.Collect$$libinit$$00000000) refers (Special) to libinit2.o(.ARM.Collect$$libinit$$00000033) for __rt_lib_init_return
    libinit.o(.ARM.Collect$$libinit$$00000000) refers (Special) to libinit2.o(.ARM.Collect$$libinit$$0000001D) for __rt_lib_init_signal_1
    libinit.o(.ARM.Collect$$libinit$$00000000) refers (Special) to libinit2.o(.ARM.Collect$$libinit$$00000025) for __rt_lib_init_stdio_1
    libinit.o(.ARM.Collect$$libinit$$00000000) refers (Special) to libinit2.o(.ARM.Collect$$libinit$$0000000C) for __rt_lib_init_user_alloc_1
    libspace.o(.text) refers to libspace.o(.bss) for __libspace_start
    rtexit.o(.ARM.Collect$$rtexit$$00000000) refers (Special) to rtexit2.o(.ARM.Collect$$rtexit$$00000004) for __rt_exit_exit
    rtexit.o(.ARM.Collect$$rtexit$$00000000) refers (Special) to rtexit2.o(.ARM.Collect$$rtexit$$00000003) for __rt_exit_ls
    rtexit.o(.ARM.Collect$$rtexit$$00000000) refers (Special) to rtexit2.o(.ARM.Collect$$rtexit$$00000002) for __rt_exit_prels_1
    rtexit.o(.ARM.exidx) refers (Special) to rtexit2.o(.ARM.Collect$$rtexit$$00000004) for __rt_exit_exit
    rtexit.o(.ARM.exidx) refers (Special) to rtexit2.o(.ARM.Collect$$rtexit$$00000003) for __rt_exit_ls
    rtexit.o(.ARM.exidx) refers (Special) to rtexit2.o(.ARM.Collect$$rtexit$$00000002) for __rt_exit_prels_1
    rtexit.o(.ARM.exidx) refers to rtexit.o(.ARM.Collect$$rtexit$$00000000) for .ARM.Collect$$rtexit$$00000000
    rt_raise.o(.text) refers to __raise.o(.text) for __raise
    rt_raise.o(.text) refers to sys_exit.o(.text) for _sys_exit
    defsig_exit.o(.text) refers to sys_exit.o(.text) for _sys_exit
    defsig_fpe_inner.o(.text) refers to defsig_general.o(.text) for __default_signal_display
    libinit2.o(.ARM.Collect$$libinit$$00000001) refers to fpinit.o(x$fpl$fpinit) for _fp_init
    libinit2.o(.ARM.Collect$$libinit$$00000010) refers to libinit2.o(.ARM.Collect$$libinit$$0000000F) for .ARM.Collect$$libinit$$0000000F
    libinit2.o(.ARM.Collect$$libinit$$00000012) refers to libinit2.o(.ARM.Collect$$libinit$$0000000F) for .ARM.Collect$$libinit$$0000000F
    libinit2.o(.ARM.Collect$$libinit$$00000014) refers to libinit2.o(.ARM.Collect$$libinit$$0000000F) for .ARM.Collect$$libinit$$0000000F
    libinit2.o(.ARM.Collect$$libinit$$00000016) refers to libinit2.o(.ARM.Collect$$libinit$$0000000F) for .ARM.Collect$$libinit$$0000000F
    libinit2.o(.ARM.Collect$$libinit$$00000018) refers to libinit2.o(.ARM.Collect$$libinit$$0000000F) for .ARM.Collect$$libinit$$0000000F
    libinit2.o(.ARM.Collect$$libinit$$00000026) refers to argv_veneer.o(.emb_text) for __ARM_argv_veneer
    libinit2.o(.ARM.Collect$$libinit$$00000027) refers to argv_veneer.o(.emb_text) for __ARM_argv_veneer
    sys_exit.o(.text) refers (Special) to use_no_semi.o(.text) for __I$use$semihosting
    sys_exit.o(.text) refers (Special) to indicate_semi.o(.text) for __semihosting_library_function
    rtexit2.o(.ARM.Collect$$rtexit$$00000003) refers to libshutdown.o(.ARM.Collect$$libshutdown$$00000000) for __rt_lib_shutdown
    rtexit2.o(.ARM.Collect$$rtexit$$00000004) refers to sys_exit.o(.text) for _sys_exit
    rtexit2.o(.ARM.exidx) refers to rtexit2.o(.ARM.Collect$$rtexit$$00000001) for .ARM.Collect$$rtexit$$00000001
    rtexit2.o(.ARM.exidx) refers to rtexit2.o(.ARM.Collect$$rtexit$$00000003) for .ARM.Collect$$rtexit$$00000003
    rtexit2.o(.ARM.exidx) refers to rtexit2.o(.ARM.Collect$$rtexit$$00000004) for .ARM.Collect$$rtexit$$00000004
    __raise.o(.text) refers to __printf.o(i.__ARM_common_call_via_r2) for __ARM_common_call_via_r2
    __raise.o(.text) refers to defsig.o(CL$$defsig) for __default_signal_handler
    defsig_general.o(.text) refers to sys_wrch.o(.text) for _ttywrch
    argv_veneer.o(.emb_text) refers to no_argv.o(.text) for __ARM_get_argv
    sys_wrch.o(.text) refers (Special) to use_no_semi.o(.text) for __I$use$semihosting
    sys_wrch.o(.text) refers (Special) to indicate_semi.o(.text) for __semihosting_library_function
    defsig.o(CL$$defsig) refers to defsig_fpe_inner.o(.text) for __rt_SIGFPE_inner
    defsig.o(CL$$defsig) refers to defsig_rtmem_inner.o(.text) for __rt_SIGRTMEM_inner
    _get_argv_nomalloc.o(.text) refers (Special) to hrguard.o(.text) for __heap_region$guard
    _get_argv_nomalloc.o(.text) refers to defsig_rtmem_outer.o(.text) for __rt_SIGRTMEM
    _get_argv_nomalloc.o(.text) refers to sys_command.o(.text) for _sys_command_string
    libshutdown.o(.ARM.Collect$$libshutdown$$00000000) refers (Special) to libshutdown2.o(.ARM.Collect$$libshutdown$$00000002) for __rt_lib_shutdown_cpp_1
    libshutdown.o(.ARM.Collect$$libshutdown$$00000000) refers (Special) to libshutdown2.o(.ARM.Collect$$libshutdown$$00000007) for __rt_lib_shutdown_fp_trap_1
    libshutdown.o(.ARM.Collect$$libshutdown$$00000000) refers (Special) to libshutdown2.o(.ARM.Collect$$libshutdown$$0000000F) for __rt_lib_shutdown_heap_1
    libshutdown.o(.ARM.Collect$$libshutdown$$00000000) refers (Special) to libshutdown2.o(.ARM.Collect$$libshutdown$$00000010) for __rt_lib_shutdown_return
    libshutdown.o(.ARM.Collect$$libshutdown$$00000000) refers (Special) to libshutdown2.o(.ARM.Collect$$libshutdown$$0000000A) for __rt_lib_shutdown_signal_1
    libshutdown.o(.ARM.Collect$$libshutdown$$00000000) refers (Special) to libshutdown2.o(.ARM.Collect$$libshutdown$$00000004) for __rt_lib_shutdown_stdio_1
    libshutdown.o(.ARM.Collect$$libshutdown$$00000000) refers (Special) to libshutdown2.o(.ARM.Collect$$libshutdown$$0000000C) for __rt_lib_shutdown_user_alloc_1
    sys_command.o(.text) refers (Special) to use_no_semi.o(.text) for __I$use$semihosting
    sys_command.o(.text) refers (Special) to indicate_semi.o(.text) for __semihosting_library_function
    defsig_abrt_inner.o(.text) refers to defsig_general.o(.text) for __default_signal_display
    defsig_rtred_inner.o(.text) refers to defsig_general.o(.text) for __default_signal_display
    defsig_rtmem_inner.o(.text) refers to defsig_general.o(.text) for __default_signal_display
    defsig_rtmem_outer.o(.text) refers to defsig_rtmem_inner.o(.text) for __rt_SIGRTMEM_inner
    defsig_rtmem_outer.o(.text) refers to defsig_exit.o(.text) for __sig_exit
    defsig_rtmem_formal.o(.text) refers to rt_raise.o(.text) for __rt_raise
    defsig_stak_inner.o(.text) refers to defsig_general.o(.text) for __default_signal_display
    defsig_pvfn_inner.o(.text) refers to defsig_general.o(.text) for __default_signal_display
    defsig_cppl_inner.o(.text) refers to defsig_general.o(.text) for __default_signal_display
    defsig_segv_inner.o(.text) refers to defsig_general.o(.text) for __default_signal_display
    defsig_other.o(.text) refers to defsig_general.o(.text) for __default_signal_display


==============================================================================

Removing Unused input sections from the image.

    Removing serial.o(i.vSerialPutString), (176 bytes).
    Removing serial.o(i.vUART_ISRHandler), (264 bytes).
    Removing serial.o(i.xSerialGetChar), (76 bytes).
    Removing serial.o(i.xSerialPortInitMinimal), (208 bytes).
    Removing serial.o(i.xSerialPutChar), (16 bytes).
    Removing serial.o(.bss), (200 bytes).
    Removing serial.o(.data), (4 bytes).
    Removing main.o(i.timer1Reset), (44 bytes).
    Removing main.o(.bss), (190 bytes).
    Removing gpio.o(i.GPIO_read), (84 bytes).
    Removing serialisr.o(.text), (148 bytes).
    Removing queue.o(i.prvCopyDataFromQueue), (88 bytes).
    Removing queue.o(i.prvCopyDataToQueue), (240 bytes).
    Removing queue.o(i.prvGetDisinheritPriorityAfterTimeout), (40 bytes).
    Removing queue.o(i.prvInitialiseMutex), (60 bytes).
    Removing queue.o(i.prvInitialiseNewQueue), (76 bytes).
    Removing queue.o(i.prvIsQueueEmpty), (52 bytes).
    Removing queue.o(i.prvIsQueueFull), (56 bytes).
    Removing queue.o(i.prvUnlockQueue), (232 bytes).
    Removing queue.o(i.ucQueueGetQueueType), (12 bytes).
    Removing queue.o(i.uxQueueGetQueueNumber), (12 bytes).
    Removing queue.o(i.uxQueueMessagesWaiting), (32 bytes).
    Removing queue.o(i.uxQueueMessagesWaitingFromISR), (16 bytes).
    Removing queue.o(i.uxQueueSpacesAvailable), (44 bytes).
    Removing queue.o(i.vQueueDelete), (28 bytes).
    Removing queue.o(i.vQueueSetQueueNumber), (8 bytes).
    Removing queue.o(i.xQueueCreateMutex), (56 bytes).
    Removing queue.o(i.xQueueGenericCreate), (84 bytes).
    Removing queue.o(i.xQueueGenericReset), (188 bytes).
    Removing queue.o(i.xQueueGenericSend), (380 bytes).
    Removing queue.o(i.xQueueGenericSendFromISR), (196 bytes).
    Removing queue.o(i.xQueueGiveFromISR), (164 bytes).
    Removing queue.o(i.xQueueIsQueueEmptyFromISR), (36 bytes).
    Removing queue.o(i.xQueueIsQueueFullFromISR), (40 bytes).
    Removing queue.o(i.xQueuePeek), (364 bytes).
    Removing queue.o(i.xQueuePeekFromISR), (76 bytes).
    Removing queue.o(i.xQueueReceive), (364 bytes).
    Removing queue.o(i.xQueueReceiveFromISR), (176 bytes).
    Removing queue.o(i.xQueueSemaphoreTake), (444 bytes).
    Removing tasks.o(i.eTaskGetState), (240 bytes).
    Removing tasks.o(i.pcTaskGetName), (44 bytes).
    Removing tasks.o(i.prvListTasksWithinSingleList), (188 bytes).
    Removing tasks.o(i.prvTaskCheckFreeStackSpace), (48 bytes).
    Removing tasks.o(i.prvTaskIsTaskSuspended), (132 bytes).
    Removing tasks.o(i.prvWriteNameToBuffer), (80 bytes).
    Removing tasks.o(i.pvTaskIncrementMutexHeldCount), (56 bytes).
    Removing tasks.o(i.ulTaskGenericNotifyTake), (212 bytes).
    Removing tasks.o(i.ulTaskGenericNotifyValueClear), (96 bytes).
    Removing tasks.o(i.uxTaskGetNumberOfTasks), (16 bytes).
    Removing tasks.o(i.uxTaskGetSystemState), (260 bytes).
    Removing tasks.o(i.uxTaskGetTaskNumber), (32 bytes).
    Removing tasks.o(i.uxTaskPriorityGet), (64 bytes).
    Removing tasks.o(i.uxTaskPriorityGetFromISR), (48 bytes).
    Removing tasks.o(i.uxTaskResetEventItemValue), (48 bytes).
    Removing tasks.o(i.vTaskDelay), (64 bytes).
    Removing tasks.o(i.vTaskDelete), (244 bytes).
    Removing tasks.o(i.vTaskEndScheduler), (44 bytes).
    Removing tasks.o(i.vTaskGenericNotifyGiveFromISR), (240 bytes).
    Removing tasks.o(i.vTaskGetInfo), (236 bytes).
    Removing tasks.o(i.vTaskGetRunTimeStats), (292 bytes).
    Removing tasks.o(i.vTaskInternalSetTimeOutState), (36 bytes).
    Removing tasks.o(i.vTaskList), (356 bytes).
    Removing tasks.o(i.vTaskMissedYield), (20 bytes).
    Removing tasks.o(i.vTaskPlaceOnEventList), (56 bytes).
    Removing tasks.o(i.vTaskPlaceOnUnorderedEventList), (76 bytes).
    Removing tasks.o(i.vTaskPriorityDisinheritAfterTimeout), (224 bytes).
    Removing tasks.o(i.vTaskPrioritySet), (336 bytes).
    Removing tasks.o(i.vTaskRemoveFromUnorderedEventList), (144 bytes).
    Removing tasks.o(i.vTaskResume), (160 bytes).
    Removing tasks.o(i.vTaskSetTaskNumber), (20 bytes).
    Removing tasks.o(i.vTaskSetTimeOutState), (56 bytes).
    Removing tasks.o(i.vTaskSuspend), (268 bytes).
    Removing tasks.o(i.xTaskCallApplicationTaskHook), (92 bytes).
    Removing tasks.o(i.xTaskCatchUpTicks), (56 bytes).
    Removing tasks.o(i.xTaskCheckForTimeOut), (176 bytes).
    Removing tasks.o(i.xTaskCreate), (172 bytes).
    Removing tasks.o(i.xTaskGenericNotify), (348 bytes).
    Removing tasks.o(i.xTaskGenericNotifyFromISR), (428 bytes).
    Removing tasks.o(i.xTaskGenericNotifyStateClear), (104 bytes).
    Removing tasks.o(i.xTaskGenericNotifyWait), (264 bytes).
    Removing tasks.o(i.xTaskGetApplicationTaskTag), (64 bytes).
    Removing tasks.o(i.xTaskGetApplicationTaskTagFromISR), (48 bytes).
    Removing tasks.o(i.xTaskGetCurrentTaskHandle), (16 bytes).
    Removing tasks.o(i.xTaskGetTickCountFromISR), (20 bytes).
    Removing tasks.o(i.xTaskPriorityDisinherit), (160 bytes).
    Removing tasks.o(i.xTaskPriorityInherit), (284 bytes).
    Removing tasks.o(i.xTaskRemoveFromEventList), (192 bytes).
    Removing tasks.o(i.xTaskResumeFromISR), (196 bytes).
    Removing port_1.o(i.vPortEndScheduler), (4 bytes).
    Removing heap_2.o(i.vPortInitialiseBlocks), (4 bytes).
    Removing heap_2.o(i.xPortGetFreeHeapSize), (16 bytes).

91 unused section(s) (total 12054 bytes) removed from the image.

==============================================================================

Adding Veneers to the image

    Adding AT veneer (8 bytes, Inline) for call to '__rt_lib_init' from __rtentry2.o(.ARM.Collect$$rtentry$$0000000A).
    Adding AT veneer (8 bytes, Inline) for call to '__rt_lib_shutdown' from rtexit2.o(.ARM.Collect$$rtexit$$00000003).
    Adding TA veneer (4 bytes, Inline) for call to '__rt_exit' from exit.o(.text).
    Adding AT veneer (8 bytes, Inline) for call to '_sys_exit' from rtexit2.o(.ARM.Collect$$rtexit$$00000004).

4 Veneer(s) (total 28 bytes) added to the image.

==============================================================================

Image Symbol Table

    Local Symbols

    Symbol Name                              Value     Ov Type        Size  Object(Section)

    RESET                                    0x00000000   Section      260  startup.o(RESET)
    ../clib/angel/boardlib.s                 0x00000000   Number         0  boardshut.o ABSOLUTE
    ../clib/angel/boardlib.s                 0x00000000   Number         0  boardinit1.o ABSOLUTE
    ../clib/angel/boardlib.s                 0x00000000   Number         0  boardinit2.o ABSOLUTE
    ../clib/angel/boardlib.s                 0x00000000   Number         0  boardinit3.o ABSOLUTE
    ../clib/angel/handlers.s                 0x00000000   Number         0  __scatter_zi.o ABSOLUTE
    ../clib/angel/handlers.s                 0x00000000   Number         0  __scatter_copy.o ABSOLUTE
    ../clib/angel/kernel.s                   0x00000000   Number         0  rtexit.o ABSOLUTE
    ../clib/angel/kernel.s                   0x00000000   Number         0  rtexit2.o ABSOLUTE
    ../clib/angel/kernel.s                   0x00000000   Number         0  __rtentry4.o ABSOLUTE
    ../clib/angel/kernel.s                   0x00000000   Number         0  __rtentry2.o ABSOLUTE
    ../clib/angel/kernel.s                   0x00000000   Number         0  __rtentry.o ABSOLUTE
    ../clib/angel/rt.s                       0x00000000   Number         0  rt_raise.o ABSOLUTE
    ../clib/angel/rt.s                       0x00000000   Number         0  rt_div0.o ABSOLUTE
    ../clib/angel/rt.s                       0x00000000   Number         0  aeabi_idiv0.o ABSOLUTE
    ../clib/angel/rt.s                       0x00000000   Number         0  aeabi_idiv0_sigfpe.o ABSOLUTE
    ../clib/angel/scatter.s                  0x00000000   Number         0  __scatter.o ABSOLUTE
    ../clib/angel/startup.s                  0x00000000   Number         0  __main.o ABSOLUTE
    ../clib/angel/sys.s                      0x00000000   Number         0  sys_stackheap_outer.o ABSOLUTE
    ../clib/angel/sys.s                      0x00000000   Number         0  libspace.o ABSOLUTE
    ../clib/angel/sys.s                      0x00000000   Number         0  use_no_semi.o ABSOLUTE
    ../clib/angel/sys.s                      0x00000000   Number         0  indicate_semi.o ABSOLUTE
    ../clib/angel/sysapp.c                   0x00000000   Number         0  sys_command.o ABSOLUTE
    ../clib/angel/sysapp.c                   0x00000000   Number         0  sys_wrch.o ABSOLUTE
    ../clib/angel/sysapp.c                   0x00000000   Number         0  sys_exit.o ABSOLUTE
    ../clib/armsys.c                         0x00000000   Number         0  no_argv.o ABSOLUTE
    ../clib/armsys.c                         0x00000000   Number         0  _get_argv_nomalloc.o ABSOLUTE
    ../clib/armsys.c                         0x00000000   Number         0  argv_veneer.o ABSOLUTE
    ../clib/armsys.c                         0x00000000   Number         0  argv_veneer.o ABSOLUTE
    ../clib/division.s                       0x00000000   Number         0  aeabi_sdiv_div0.o ABSOLUTE
    ../clib/division.s                       0x00000000   Number         0  aeabi_sdiv.o ABSOLUTE
    ../clib/division.s                       0x00000000   Number         0  rtudiv10.o ABSOLUTE
    ../clib/divrt.s                          0x00000000   Number         0  divrt_7tdmi.o ABSOLUTE
    ../clib/divrt.s                          0x00000000   Number         0  divrt_7tdmi_div0.o ABSOLUTE
    ../clib/heapalloc.c                      0x00000000   Number         0  hrguard.o ABSOLUTE
    ../clib/heapaux.c                        0x00000000   Number         0  heapauxi.o ABSOLUTE
    ../clib/libinit.s                        0x00000000   Number         0  libshutdown2.o ABSOLUTE
    ../clib/libinit.s                        0x00000000   Number         0  libinit2.o ABSOLUTE
    ../clib/libinit.s                        0x00000000   Number         0  libshutdown.o ABSOLUTE
    ../clib/libinit.s                        0x00000000   Number         0  libinit.o ABSOLUTE
    ../clib/memcpset.s                       0x00000000   Number         0  rt_memcpy_w.o ABSOLUTE
    ../clib/memcpset.s                       0x00000000   Number         0  rt_memclr_w.o ABSOLUTE
    ../clib/memcpset.s                       0x00000000   Number         0  rt_memcpy.o ABSOLUTE
    ../clib/memcpset.s                       0x00000000   Number         0  aeabi_memset.o ABSOLUTE
    ../clib/memcpset.s                       0x00000000   Number         0  rt_memclr.o ABSOLUTE
    ../clib/printf.c                         0x00000000   Number         0  __printf_flags.o ABSOLUTE
    ../clib/printf.c                         0x00000000   Number         0  _printf_dec.o ABSOLUTE
    ../clib/printf.c                         0x00000000   Number         0  __printf_flags_ss_wp.o ABSOLUTE
    ../clib/printf.c                         0x00000000   Number         0  __printf_ss_wp.o ABSOLUTE
    ../clib/printf.c                         0x00000000   Number         0  _printf_str.o ABSOLUTE
    ../clib/printf.c                         0x00000000   Number         0  __printf_flags_wp.o ABSOLUTE
    ../clib/printf.c                         0x00000000   Number         0  _printf_char.o ABSOLUTE
    ../clib/printf.c                         0x00000000   Number         0  _sputc.o ABSOLUTE
    ../clib/printf.c                         0x00000000   Number         0  _printf_char_common.o ABSOLUTE
    ../clib/printf.c                         0x00000000   Number         0  _printf_intcommon.o ABSOLUTE
    ../clib/printf.c                         0x00000000   Number         0  __printf_nopercent.o ABSOLUTE
    ../clib/printf.c                         0x00000000   Number         0  __printf_wp.o ABSOLUTE
    ../clib/printf.c                         0x00000000   Number         0  __printf_flags_ss.o ABSOLUTE
    ../clib/printf.c                         0x00000000   Number         0  __printf_ss.o ABSOLUTE
    ../clib/printf.c                         0x00000000   Number         0  __2sprintf.o ABSOLUTE
    ../clib/printf.c                         0x00000000   Number         0  noretval__2sprintf.o ABSOLUTE
    ../clib/printf.c                         0x00000000   Number         0  __printf.o ABSOLUTE
    ../clib/printf_percent.s                 0x00000000   Number         0  _printf_percent.o ABSOLUTE
    ../clib/printf_percent.s                 0x00000000   Number         0  _printf_u.o ABSOLUTE
    ../clib/printf_percent.s                 0x00000000   Number         0  _printf_c.o ABSOLUTE
    ../clib/printf_percent.s                 0x00000000   Number         0  _printf_percent_end.o ABSOLUTE
    ../clib/signal.c                         0x00000000   Number         0  defsig_pvfn_inner.o ABSOLUTE
    ../clib/signal.c                         0x00000000   Number         0  defsig_stak_inner.o ABSOLUTE
    ../clib/signal.c                         0x00000000   Number         0  defsig_rtmem_formal.o ABSOLUTE
    ../clib/signal.c                         0x00000000   Number         0  defsig_rtmem_outer.o ABSOLUTE
    ../clib/signal.c                         0x00000000   Number         0  defsig_rtmem_inner.o ABSOLUTE
    ../clib/signal.c                         0x00000000   Number         0  defsig_rtred_inner.o ABSOLUTE
    ../clib/signal.c                         0x00000000   Number         0  defsig_abrt_inner.o ABSOLUTE
    ../clib/signal.c                         0x00000000   Number         0  defsig_cppl_inner.o ABSOLUTE
    ../clib/signal.c                         0x00000000   Number         0  defsig_general.o ABSOLUTE
    ../clib/signal.c                         0x00000000   Number         0  __raise.o ABSOLUTE
    ../clib/signal.c                         0x00000000   Number         0  defsig_fpe_inner.o ABSOLUTE
    ../clib/signal.c                         0x00000000   Number         0  defsig_exit.o ABSOLUTE
    ../clib/signal.c                         0x00000000   Number         0  defsig_fpe_formal.o ABSOLUTE
    ../clib/signal.c                         0x00000000   Number         0  defsig_fpe_outer.o ABSOLUTE
    ../clib/signal.c                         0x00000000   Number         0  defsig_other.o ABSOLUTE
    ../clib/signal.c                         0x00000000   Number         0  defsig_segv_inner.o ABSOLUTE
    ../clib/signal.s                         0x00000000   Number         0  defsig.o ABSOLUTE
    ../clib/stdlib.c                         0x00000000   Number         0  exit.o ABSOLUTE
    ../clib/string.c                         0x00000000   Number         0  strcpy.o ABSOLUTE
    ../clib/string.c                         0x00000000   Number         0  strlen.o ABSOLUTE
    ../fplib/fdiv.s                          0x00000000   Number         0  fdiv.o ABSOLUTE
    ../fplib/ffix.s                          0x00000000   Number         0  ffix.o ABSOLUTE
    ../fplib/fflt.s                          0x00000000   Number         0  fflt_noclz.o ABSOLUTE
    ../fplib/fmul.s                          0x00000000   Number         0  fmul.o ABSOLUTE
    ../fplib/fnaninf.s                       0x00000000   Number         0  fnaninf.o ABSOLUTE
    ../fplib/fpinit.s                        0x00000000   Number         0  fpinit.o ABSOLUTE
    ../fplib/fretinf.s                       0x00000000   Number         0  fretinf.o ABSOLUTE
    ../fplib/usenofp.s                       0x00000000   Number         0  usenofp.o ABSOLUTE
    FreeRTOS_Source\list.c                   0x00000000   Number         0  list.o ABSOLUTE
    FreeRTOS_Source\portable\MemMang\heap_2.c 0x00000000   Number         0  heap_2.o ABSOLUTE
    FreeRTOS_Source\portable\RVDS\ARM7_LPC21xx\port.c 0x00000000   Number         0  port_1.o ABSOLUTE
    FreeRTOS_Source\portable\RVDS\ARM7_LPC21xx\portASM.s 0x00000000   Number         0  portasm_1.o ABSOLUTE
    FreeRTOS_Source\queue.c                  0x00000000   Number         0  queue.o ABSOLUTE
    FreeRTOS_Source\tasks.c                  0x00000000   Number         0  tasks.o ABSOLUTE
    Startup.s                                0x00000000   Number         0  startup.o ABSOLUTE
    dc.s                                     0x00000000   Number         0  dc.o ABSOLUTE
    header\serialISR.s                       0x00000000   Number         0  serialisr.o ABSOLUTE
    source\GPIO.c                            0x00000000   Number         0  gpio.o ABSOLUTE
    source\GPIO_cfg.c                        0x00000000   Number         0  gpio_cfg.o ABSOLUTE
    source\main.c                            0x00000000   Number         0  main.o ABSOLUTE
    source\serial.c                          0x00000000   Number         0  serial.o ABSOLUTE
    Undef_Handler                            0x00000040   ARM Code       4  startup.o(RESET)
    PAbt_Handler                             0x00000048   ARM Code       4  startup.o(RESET)
    DAbt_Handler                             0x0000004c   ARM Code       4  startup.o(RESET)
    IRQ_Handler                              0x00000050   ARM Code       4  startup.o(RESET)
    FIQ_Handler                              0x00000054   ARM Code       4  startup.o(RESET)
    !!!main                                  0x00000104   Section        8  __main.o(!!!main)
    !!!scatter                               0x0000010c   Section       60  __scatter.o(!!!scatter)
    !!handler_copy                           0x00000148   Section       40  __scatter_copy.o(!!handler_copy)
    !!handler_zi                             0x00000170   Section       44  __scatter_zi.o(!!handler_zi)
    .ARM.Collect$$libinit$$00000000          0x000001a4   Section        2  libinit.o(.ARM.Collect$$libinit$$00000000)
    .ARM.Collect$$libinit$$00000002          0x000001a6   Section        0  libinit2.o(.ARM.Collect$$libinit$$00000002)
    .ARM.Collect$$libinit$$00000004          0x000001a6   Section        0  libinit2.o(.ARM.Collect$$libinit$$00000004)
    .ARM.Collect$$libinit$$0000000A          0x000001a6   Section        0  libinit2.o(.ARM.Collect$$libinit$$0000000A)
    .ARM.Collect$$libinit$$0000000C          0x000001a6   Section        0  libinit2.o(.ARM.Collect$$libinit$$0000000C)
    .ARM.Collect$$libinit$$0000000E          0x000001a6   Section        0  libinit2.o(.ARM.Collect$$libinit$$0000000E)
    .ARM.Collect$$libinit$$00000011          0x000001a6   Section        0  libinit2.o(.ARM.Collect$$libinit$$00000011)
    .ARM.Collect$$libinit$$00000013          0x000001a6   Section        0  libinit2.o(.ARM.Collect$$libinit$$00000013)
    .ARM.Collect$$libinit$$00000015          0x000001a6   Section        0  libinit2.o(.ARM.Collect$$libinit$$00000015)
    .ARM.Collect$$libinit$$00000017          0x000001a6   Section        0  libinit2.o(.ARM.Collect$$libinit$$00000017)
    .ARM.Collect$$libinit$$00000019          0x000001a6   Section        0  libinit2.o(.ARM.Collect$$libinit$$00000019)
    .ARM.Collect$$libinit$$0000001B          0x000001a6   Section        0  libinit2.o(.ARM.Collect$$libinit$$0000001B)
    .ARM.Collect$$libinit$$0000001D          0x000001a6   Section        0  libinit2.o(.ARM.Collect$$libinit$$0000001D)
    .ARM.Collect$$libinit$$0000001F          0x000001a6   Section        0  libinit2.o(.ARM.Collect$$libinit$$0000001F)
    .ARM.Collect$$libinit$$00000021          0x000001a6   Section        0  libinit2.o(.ARM.Collect$$libinit$$00000021)
    .ARM.Collect$$libinit$$00000023          0x000001a6   Section        0  libinit2.o(.ARM.Collect$$libinit$$00000023)
    .ARM.Collect$$libinit$$00000025          0x000001a6   Section        0  libinit2.o(.ARM.Collect$$libinit$$00000025)
    .ARM.Collect$$libinit$$0000002C          0x000001a6   Section        0  libinit2.o(.ARM.Collect$$libinit$$0000002C)
    .ARM.Collect$$libinit$$0000002E          0x000001a6   Section        0  libinit2.o(.ARM.Collect$$libinit$$0000002E)
    .ARM.Collect$$libinit$$00000030          0x000001a6   Section        0  libinit2.o(.ARM.Collect$$libinit$$00000030)
    .ARM.Collect$$libinit$$00000032          0x000001a6   Section        0  libinit2.o(.ARM.Collect$$libinit$$00000032)
    .ARM.Collect$$libinit$$00000033          0x000001a6   Section       12  libinit2.o(.ARM.Collect$$libinit$$00000033)
    .ARM.Collect$$libshutdown$$00000000      0x000001bc   Section        4  libshutdown.o(.ARM.Collect$$libshutdown$$00000000)
    .ARM.Collect$$libshutdown$$00000002      0x000001c0   Section        0  libshutdown2.o(.ARM.Collect$$libshutdown$$00000002)
    .ARM.Collect$$libshutdown$$00000004      0x000001c0   Section        0  libshutdown2.o(.ARM.Collect$$libshutdown$$00000004)
    .ARM.Collect$$libshutdown$$00000007      0x000001c0   Section        0  libshutdown2.o(.ARM.Collect$$libshutdown$$00000007)
    .ARM.Collect$$libshutdown$$0000000A      0x000001c0   Section        0  libshutdown2.o(.ARM.Collect$$libshutdown$$0000000A)
    .ARM.Collect$$libshutdown$$0000000C      0x000001c0   Section        0  libshutdown2.o(.ARM.Collect$$libshutdown$$0000000C)
    .ARM.Collect$$libshutdown$$0000000F      0x000001c0   Section        0  libshutdown2.o(.ARM.Collect$$libshutdown$$0000000F)
    .ARM.Collect$$libshutdown$$00000010      0x000001c0   Section        6  libshutdown2.o(.ARM.Collect$$libshutdown$$00000010)
    .ARM.Collect$$rtentry$$00000000          0x000001c8   Section        0  __rtentry.o(.ARM.Collect$$rtentry$$00000000)
    .ARM.Collect$$rtentry$$00000002          0x000001c8   Section        0  __rtentry2.o(.ARM.Collect$$rtentry$$00000002)
    .ARM.Collect$$rtentry$$00000004          0x000001c8   Section        8  __rtentry4.o(.ARM.Collect$$rtentry$$00000004)
    .ARM.Collect$$rtentry$$00000009          0x000001d0   Section        0  __rtentry2.o(.ARM.Collect$$rtentry$$00000009)
    .ARM.Collect$$rtentry$$0000000A          0x000001d0   Section        4  __rtentry2.o(.ARM.Collect$$rtentry$$0000000A)
    .ARM.Collect$$rtentry$$0000000C          0x000001d4   Section        0  __rtentry2.o(.ARM.Collect$$rtentry$$0000000C)
    .ARM.Collect$$rtentry$$0000000D          0x000001d4   Section       40  __rtentry2.o(.ARM.Collect$$rtentry$$0000000D)
    .ARM.Collect$$rtexit$$00000000           0x00000200   Section        4  rtexit.o(.ARM.Collect$$rtexit$$00000000)
    .ARM.Collect$$rtexit$$00000002           0x00000204   Section        0  rtexit2.o(.ARM.Collect$$rtexit$$00000002)
    .ARM.Collect$$rtexit$$00000003           0x00000204   Section        4  rtexit2.o(.ARM.Collect$$rtexit$$00000003)
    .ARM.Collect$$rtexit$$00000004           0x00000208   Section        8  rtexit2.o(.ARM.Collect$$rtexit$$00000004)
    .text                                    0x00000210   Section       32  startup.o(.text)
    .text                                    0x00000230   Section       16  aeabi_memset.o(.text)
    .text                                    0x00000240   Section        0  heapauxi.o(.text)
    .text                                    0x00000248   Section       64  rt_memclr.o(.text)
    .text                                    0x00000288   Section       84  rt_memclr_w.o(.text)
    .text                                    0x000002dc   Section       96  sys_stackheap_outer.o(.text)
    .text                                    0x0000033c   Section        0  exit.o(.text)
    .text                                    0x00000350   Section       12  libspace.o(.text)
    .text                                    0x00000364   Section        0  sys_exit.o(.text)
    .text                                    0x00000370   Section        4  use_no_semi.o(.text)
    .text                                    0x00000374   Section        0  indicate_semi.o(.text)
    PORT_ASM                                 0x00000374   Section      396  portasm_1.o(PORT_ASM)
    i.GPIO_init                              0x00000500   Section        0  gpio.o(i.GPIO_init)
    i.GPIO_write                             0x00000670   Section        0  gpio.o(i.GPIO_write)
    i.Task_1                                 0x00000724   Section        0  main.o(i.Task_1)
    i.Task_2                                 0x00000770   Section        0  main.o(i.Task_2)
    i.Task_3                                 0x000007bc   Section        0  main.o(i.Task_3)
    i.configTimer1                           0x00000808   Section        0  main.o(i.configTimer1)
    configTimer1                             0x00000808   ARM Code      32  main.o(i.configTimer1)
    i.main                                   0x0000082c   Section        0  main.o(i.main)
    i.prvAddCurrentTaskToDelayedList         0x000008f4   Section        0  tasks.o(i.prvAddCurrentTaskToDelayedList)
    prvAddCurrentTaskToDelayedList           0x000008f4   ARM Code     184  tasks.o(i.prvAddCurrentTaskToDelayedList)
    i.prvAddNewTaskToReadyList               0x000009c4   Section        0  tasks.o(i.prvAddNewTaskToReadyList)
    prvAddNewTaskToReadyList                 0x000009c4   ARM Code     260  tasks.o(i.prvAddNewTaskToReadyList)
    i.prvCheckTasksWaitingTermination        0x00000ae0   Section        0  tasks.o(i.prvCheckTasksWaitingTermination)
    prvCheckTasksWaitingTermination          0x00000ae0   ARM Code     108  tasks.o(i.prvCheckTasksWaitingTermination)
    i.prvDeleteTCB                           0x00000b58   Section        0  tasks.o(i.prvDeleteTCB)
    prvDeleteTCB                             0x00000b58   ARM Code      32  tasks.o(i.prvDeleteTCB)
    i.prvHeapInit                            0x00000b78   Section        0  heap_2.o(i.prvHeapInit)
    prvHeapInit                              0x00000b78   ARM Code      72  heap_2.o(i.prvHeapInit)
    i.prvIdleTask                            0x00000bd0   Section        0  tasks.o(i.prvIdleTask)
    prvIdleTask                              0x00000bd0   ARM Code      64  tasks.o(i.prvIdleTask)
    i.prvInitialiseNewTask                   0x00000c18   Section        0  tasks.o(i.prvInitialiseNewTask)
    prvInitialiseNewTask                     0x00000c18   ARM Code     268  tasks.o(i.prvInitialiseNewTask)
    i.prvInitialiseTaskLists                 0x00000d24   Section        0  tasks.o(i.prvInitialiseTaskLists)
    prvInitialiseTaskLists                   0x00000d24   ARM Code     120  tasks.o(i.prvInitialiseTaskLists)
    i.prvResetNextTaskUnblockTime            0x00000dc0   Section        0  tasks.o(i.prvResetNextTaskUnblockTime)
    prvResetNextTaskUnblockTime              0x00000dc0   ARM Code      84  tasks.o(i.prvResetNextTaskUnblockTime)
    i.prvSetupHardware                       0x00000e1c   Section        0  main.o(i.prvSetupHardware)
    prvSetupHardware                         0x00000e1c   ARM Code      20  main.o(i.prvSetupHardware)
    i.prvSetupTimerInterrupt                 0x00000e30   Section        0  port_1.o(i.prvSetupTimerInterrupt)
    prvSetupTimerInterrupt                   0x00000e30   ARM Code     100  port_1.o(i.prvSetupTimerInterrupt)
    i.pvPortMalloc                           0x00000ea0   Section        0  heap_2.o(i.pvPortMalloc)
    i.pxPortInitialiseStack                  0x00001008   Section        0  port_1.o(i.pxPortInitialiseStack)
    i.uxListRemove                           0x0000110c   Section        0  list.o(i.uxListRemove)
    i.vListInitialise                        0x00001158   Section        0  list.o(i.vListInitialise)
    i.vListInitialiseItem                    0x00001184   Section        0  list.o(i.vListInitialiseItem)
    i.vListInsert                            0x00001190   Section        0  list.o(i.vListInsert)
    i.vListInsertEnd                         0x000011f0   Section        0  list.o(i.vListInsertEnd)
    i.vPortEnterCritical                     0x00001220   Section        0  port_1.o(i.vPortEnterCritical)
    i.vPortExitCritical                      0x00001248   Section        0  port_1.o(i.vPortExitCritical)
    i.vPortFree                              0x00001290   Section        0  heap_2.o(i.vPortFree)
    i.vTaskSetApplicationTaskTag             0x00001308   Section        0  tasks.o(i.vTaskSetApplicationTaskTag)
    i.vTaskStartScheduler                    0x00001344   Section        0  tasks.o(i.vTaskStartScheduler)
    i.vTaskSuspendAll                        0x000014a4   Section        0  tasks.o(i.vTaskSuspendAll)
    i.vTaskSwitchContext                     0x000014c0   Section        0  tasks.o(i.vTaskSwitchContext)
    i.xPortStartScheduler                    0x000017f8   Section        0  port_1.o(i.xPortStartScheduler)
    i.xTaskDelayUntil                        0x00001810   Section        0  tasks.o(i.xTaskDelayUntil)
    i.xTaskGetTickCount                      0x000018b0   Section        0  tasks.o(i.xTaskGetTickCount)
    i.xTaskIncrementTick                     0x000018d4   Section        0  tasks.o(i.xTaskIncrementTick)
    i.xTaskPeriodicCreate                    0x00001ac0   Section        0  tasks.o(i.xTaskPeriodicCreate)
    i.xTaskResumeAll                         0x00001b84   Section        0  tasks.o(i.xTaskResumeAll)
    x$fpl$fdiv                               0x00001cf4   Section      400  fdiv.o(x$fpl$fdiv)
    _fdiv1                                   0x00001cf4   ARM Code       0  fdiv.o(x$fpl$fdiv)
    x$fpl$ffix                               0x00001e84   Section       68  ffix.o(x$fpl$ffix)
    x$fpl$fflt                               0x00001ec8   Section       92  fflt_noclz.o(x$fpl$fflt)
    x$fpl$fmul                               0x00001f24   Section      256  fmul.o(x$fpl$fmul)
    x$fpl$fnaninf                            0x00002024   Section      168  fnaninf.o(x$fpl$fnaninf)
    x$fpl$fretinf                            0x000020cc   Section       16  fretinf.o(x$fpl$fretinf)
    x$fpl$usenofp                            0x000020dc   Section        0  usenofp.o(x$fpl$usenofp)
    .data                                    0x40000000   Section       56  main.o(.data)
    .data                                    0x40000038   Section       92  gpio_cfg.o(.data)
    .data                                    0x40000094   Section       72  tasks.o(.data)
    pxDelayedTaskList                        0x40000098   Data           4  tasks.o(.data)
    pxOverflowDelayedTaskList                0x4000009c   Data           4  tasks.o(.data)
    uxDeletedTasksWaitingCleanUp             0x400000a0   Data           4  tasks.o(.data)
    uxCurrentNumberOfTasks                   0x400000a4   Data           4  tasks.o(.data)
    xTickCount                               0x400000a8   Data           4  tasks.o(.data)
    uxTopReadyPriority                       0x400000ac   Data           4  tasks.o(.data)
    xSchedulerRunning                        0x400000b0   Data           4  tasks.o(.data)
    xPendedTicks                             0x400000b4   Data           4  tasks.o(.data)
    xYieldPending                            0x400000b8   Data           4  tasks.o(.data)
    xNumOfOverflows                          0x400000bc   Data           4  tasks.o(.data)
    uxTaskNumber                             0x400000c0   Data           4  tasks.o(.data)
    xNextTaskUnblockTime                     0x400000c4   Data           4  tasks.o(.data)
    xIdleTaskHandle                          0x400000c8   Data           4  tasks.o(.data)
    uxSchedulerSuspended                     0x400000d0   Data           4  tasks.o(.data)
    ulTaskSwitchedInTime                     0x400000d4   Data           4  tasks.o(.data)
    ulTotalRunTime                           0x400000d8   Data           4  tasks.o(.data)
    .data                                    0x400000dc   Section        4  port_1.o(.data)
    .data                                    0x400000e0   Section       24  heap_2.o(.data)
    xStart                                   0x400000e0   Data           8  heap_2.o(.data)
    xEnd                                     0x400000e8   Data           8  heap_2.o(.data)
    xFreeBytesRemaining                      0x400000f0   Data           4  heap_2.o(.data)
    xHeapHasBeenInitialised                  0x400000f4   Data           4  heap_2.o(.data)
    .bss                                     0x400000f8   Section      200  tasks.o(.bss)
    pxReadyTasksLists                        0x400000f8   Data          80  tasks.o(.bss)
    xDelayedTaskList1                        0x40000148   Data          20  tasks.o(.bss)
    xDelayedTaskList2                        0x4000015c   Data          20  tasks.o(.bss)
    xPendingReadyList                        0x40000170   Data          20  tasks.o(.bss)
    xTasksWaitingTermination                 0x40000184   Data          20  tasks.o(.bss)
    xSuspendedTaskList                       0x40000198   Data          20  tasks.o(.bss)
    xReadyTasksListEDF                       0x400001ac   Data          20  tasks.o(.bss)
    .bss                                     0x400001c0   Section    13312  heap_2.o(.bss)
    ucHeap                                   0x400001c0   Data       13312  heap_2.o(.bss)
    .bss                                     0x400035c0   Section       96  libspace.o(.bss)
    HEAP                                     0x40003620   Section        0  startup.o(HEAP)
    STACK                                    0x40003620   Section     1568  startup.o(STACK)
    Heap_Mem                                 0x40003620   Data           0  startup.o(HEAP)
    Stack_Mem                                0x40003620   Data        1568  startup.o(STACK)
    Stack_Top                                0x40003c40   Data           0  startup.o(STACK)

    Global Symbols

    Symbol Name                              Value     Ov Type        Size  Object(Section)

    BuildAttributes$$THM_ISAv1$ARM_ISAv4$S$PE$A:L22$X:L11$S22$IEEE1$IW$USESV6$~STKCKD$USESV7$~SHL$OSPACE$ROPI$EBA8$UX$STANDARDLIB$REQ8$PRES8$EABIv2 0x00000000   Number         0  anon$$obj.o ABSOLUTE
    __ARM_use_no_argv                        0x00000000   Number         0  main.o ABSOLUTE
    __ARM_exceptions_init                     - Undefined Weak Reference
    __alloca_initialize                       - Undefined Weak Reference
    __arm_preinit_                            - Undefined Weak Reference
    __cpp_initialize__aeabi_                  - Undefined Weak Reference
    __cxa_finalize                            - Undefined Weak Reference
    __rt_locale                               - Undefined Weak Reference
    __sigvec_lookup                           - Undefined Weak Reference
    _atexit_init                              - Undefined Weak Reference
    _call_atexit_fns                          - Undefined Weak Reference
    _clock_init                               - Undefined Weak Reference
    _fp_trap_init                             - Undefined Weak Reference
    _fp_trap_shutdown                         - Undefined Weak Reference
    _get_lc_collate                           - Undefined Weak Reference
    _get_lc_ctype                             - Undefined Weak Reference
    _get_lc_monetary                          - Undefined Weak Reference
    _get_lc_numeric                           - Undefined Weak Reference
    _get_lc_time                              - Undefined Weak Reference
    _getenv_init                              - Undefined Weak Reference
    _handle_redirection                       - Undefined Weak Reference
    _init_alloc                               - Undefined Weak Reference
    _init_user_alloc                          - Undefined Weak Reference
    _initio                                   - Undefined Weak Reference
    _printf_mbtowc                            - Undefined Weak Reference
    _printf_post_padding                      - Undefined Weak Reference
    _printf_pre_padding                       - Undefined Weak Reference
    _printf_truncate_signed                   - Undefined Weak Reference
    _printf_truncate_unsigned                 - Undefined Weak Reference
    _rand_init                                - Undefined Weak Reference
    _signal_finish                            - Undefined Weak Reference
    _signal_init                              - Undefined Weak Reference
    _terminate_alloc                          - Undefined Weak Reference
    _terminate_user_alloc                     - Undefined Weak Reference
    _terminateio                              - Undefined Weak Reference
    Reset_Handler                            0x00000058   ARM Code       0  startup.o(RESET)
    __main                                   0x00000104   ARM Code       8  __main.o(!!!main)
    __scatterload                            0x0000010c   ARM Code       0  __scatter.o(!!!scatter)
    __scatterload_rt2                        0x0000010c   ARM Code      52  __scatter.o(!!!scatter)
    __scatterload_null                       0x00000120   ARM Code       0  __scatter.o(!!!scatter)
    __scatterload_copy                       0x00000148   ARM Code      40  __scatter_copy.o(!!handler_copy)
    __scatterload_zeroinit                   0x00000170   ARM Code      44  __scatter_zi.o(!!handler_zi)
    Inline ARM to Thumb Veneer to __rt_lib_init 0x0000019c   ARM Code       8  libinit.o(.ARM.Collect$$libinit$$00000000)
    __rt_lib_init                            0x000001a5   Thumb Code     0  libinit.o(.ARM.Collect$$libinit$$00000000)
    __rt_lib_init_alloca_1                   0x000001a7   Thumb Code     0  libinit2.o(.ARM.Collect$$libinit$$0000002E)
    __rt_lib_init_argv_1                     0x000001a7   Thumb Code     0  libinit2.o(.ARM.Collect$$libinit$$0000002C)
    __rt_lib_init_atexit_1                   0x000001a7   Thumb Code     0  libinit2.o(.ARM.Collect$$libinit$$0000001B)
    __rt_lib_init_clock_1                    0x000001a7   Thumb Code     0  libinit2.o(.ARM.Collect$$libinit$$00000021)
    __rt_lib_init_cpp_1                      0x000001a7   Thumb Code     0  libinit2.o(.ARM.Collect$$libinit$$00000032)
    __rt_lib_init_exceptions_1               0x000001a7   Thumb Code     0  libinit2.o(.ARM.Collect$$libinit$$00000030)
    __rt_lib_init_fp_1                       0x000001a7   Thumb Code     0  libinit2.o(.ARM.Collect$$libinit$$00000002)
    __rt_lib_init_fp_trap_1                  0x000001a7   Thumb Code     0  libinit2.o(.ARM.Collect$$libinit$$0000001F)
    __rt_lib_init_getenv_1                   0x000001a7   Thumb Code     0  libinit2.o(.ARM.Collect$$libinit$$00000023)
    __rt_lib_init_heap_1                     0x000001a7   Thumb Code     0  libinit2.o(.ARM.Collect$$libinit$$0000000A)
    __rt_lib_init_lc_collate_1               0x000001a7   Thumb Code     0  libinit2.o(.ARM.Collect$$libinit$$00000011)
    __rt_lib_init_lc_ctype_1                 0x000001a7   Thumb Code     0  libinit2.o(.ARM.Collect$$libinit$$00000013)
    __rt_lib_init_lc_monetary_1              0x000001a7   Thumb Code     0  libinit2.o(.ARM.Collect$$libinit$$00000015)
    __rt_lib_init_lc_numeric_1               0x000001a7   Thumb Code     0  libinit2.o(.ARM.Collect$$libinit$$00000017)
    __rt_lib_init_lc_time_1                  0x000001a7   Thumb Code     0  libinit2.o(.ARM.Collect$$libinit$$00000019)
    __rt_lib_init_preinit_1                  0x000001a7   Thumb Code     0  libinit2.o(.ARM.Collect$$libinit$$00000004)
    __rt_lib_init_rand_1                     0x000001a7   Thumb Code     0  libinit2.o(.ARM.Collect$$libinit$$0000000E)
    __rt_lib_init_return                     0x000001a7   Thumb Code     0  libinit2.o(.ARM.Collect$$libinit$$00000033)
    __rt_lib_init_signal_1                   0x000001a7   Thumb Code     0  libinit2.o(.ARM.Collect$$libinit$$0000001D)
    __rt_lib_init_stdio_1                    0x000001a7   Thumb Code     0  libinit2.o(.ARM.Collect$$libinit$$00000025)
    __rt_lib_init_user_alloc_1               0x000001a7   Thumb Code     0  libinit2.o(.ARM.Collect$$libinit$$0000000C)
    Inline ARM to Thumb Veneer to __rt_lib_shutdown 0x000001b4   ARM Code       8  libshutdown.o(.ARM.Collect$$libshutdown$$00000000)
    __rt_lib_shutdown                        0x000001bd   Thumb Code     0  libshutdown.o(.ARM.Collect$$libshutdown$$00000000)
    __rt_lib_shutdown_cpp_1                  0x000001c1   Thumb Code     0  libshutdown2.o(.ARM.Collect$$libshutdown$$00000002)
    __rt_lib_shutdown_fp_trap_1              0x000001c1   Thumb Code     0  libshutdown2.o(.ARM.Collect$$libshutdown$$00000007)
    __rt_lib_shutdown_heap_1                 0x000001c1   Thumb Code     0  libshutdown2.o(.ARM.Collect$$libshutdown$$0000000F)
    __rt_lib_shutdown_return                 0x000001c1   Thumb Code     0  libshutdown2.o(.ARM.Collect$$libshutdown$$00000010)
    __rt_lib_shutdown_signal_1               0x000001c1   Thumb Code     0  libshutdown2.o(.ARM.Collect$$libshutdown$$0000000A)
    __rt_lib_shutdown_stdio_1                0x000001c1   Thumb Code     0  libshutdown2.o(.ARM.Collect$$libshutdown$$00000004)
    __rt_lib_shutdown_user_alloc_1           0x000001c1   Thumb Code     0  libshutdown2.o(.ARM.Collect$$libshutdown$$0000000C)
    __rt_entry                               0x000001c8   ARM Code       0  __rtentry.o(.ARM.Collect$$rtentry$$00000000)
    __rt_entry_presh_1                       0x000001c8   ARM Code       0  __rtentry2.o(.ARM.Collect$$rtentry$$00000002)
    __rt_entry_sh                            0x000001c8   ARM Code       0  __rtentry4.o(.ARM.Collect$$rtentry$$00000004)
    __rt_entry_li                            0x000001d0   ARM Code       0  __rtentry2.o(.ARM.Collect$$rtentry$$0000000A)
    __rt_entry_postsh_1                      0x000001d0   ARM Code       0  __rtentry2.o(.ARM.Collect$$rtentry$$00000009)
    __rt_entry_main                          0x000001d4   ARM Code       0  __rtentry2.o(.ARM.Collect$$rtentry$$0000000D)
    __rt_entry_postli_1                      0x000001d4   ARM Code       0  __rtentry2.o(.ARM.Collect$$rtentry$$0000000C)
    Inline Thumb to ARM Veneer to __rt_exit  0x000001fd   Thumb Code     4  rtexit.o(.ARM.Collect$$rtexit$$00000000)
    __rt_exit                                0x00000200   ARM Code       0  rtexit.o(.ARM.Collect$$rtexit$$00000000)
    __rt_exit_ls                             0x00000204   ARM Code       0  rtexit2.o(.ARM.Collect$$rtexit$$00000003)
    __rt_exit_prels_1                        0x00000204   ARM Code       0  rtexit2.o(.ARM.Collect$$rtexit$$00000002)
    __rt_exit_exit                           0x00000208   ARM Code       0  rtexit2.o(.ARM.Collect$$rtexit$$00000004)
    __user_initial_stackheap                 0x00000210   ARM Code       0  startup.o(.text)
    __aeabi_memset                           0x00000230   ARM Code      16  aeabi_memset.o(.text)
    __use_two_region_memory                  0x00000241   Thumb Code     2  heapauxi.o(.text)
    __rt_heap_escrow$2region                 0x00000243   Thumb Code     2  heapauxi.o(.text)
    __rt_heap_expand$2region                 0x00000245   Thumb Code     2  heapauxi.o(.text)
    __aeabi_memclr                           0x00000248   ARM Code       0  rt_memclr.o(.text)
    __rt_memclr                              0x00000248   ARM Code      64  rt_memclr.o(.text)
    _memset                                  0x0000024c   ARM Code       0  rt_memclr.o(.text)
    __aeabi_memclr4                          0x00000288   ARM Code       0  rt_memclr_w.o(.text)
    __aeabi_memclr8                          0x00000288   ARM Code       0  rt_memclr_w.o(.text)
    __rt_memclr_w                            0x00000288   ARM Code      84  rt_memclr_w.o(.text)
    _memset_w                                0x0000028c   ARM Code       0  rt_memclr_w.o(.text)
    __user_setup_stackheap                   0x000002dc   ARM Code      96  sys_stackheap_outer.o(.text)
    exit                                     0x0000033d   Thumb Code    20  exit.o(.text)
    __user_libspace                          0x00000350   ARM Code      12  libspace.o(.text)
    __user_perproc_libspace                  0x00000350   ARM Code       0  libspace.o(.text)
    __user_perthread_libspace                0x00000350   ARM Code       0  libspace.o(.text)
    Inline ARM to Thumb Veneer to _sys_exit  0x0000035c   ARM Code       8  sys_exit.o(.text)
    _sys_exit                                0x00000365   Thumb Code     8  sys_exit.o(.text)
    __I$use$semihosting                      0x00000370   ARM Code       0  use_no_semi.o(.text)
    __use_no_semihosting_swi                 0x00000370   ARM Code       4  use_no_semi.o(.text)
    __semihosting_library_function           0x00000374   ARM Code       0  indicate_semi.o(.text)
    vPortStartFirstTask                      0x00000374   ARM Code       0  portasm_1.o(PORT_ASM)
    vPortYield                               0x000003a4   ARM Code       0  portasm_1.o(PORT_ASM)
    vPortYieldProcessor                      0x000003ac   ARM Code       0  portasm_1.o(PORT_ASM)
    vPreemptiveTick                          0x00000438   ARM Code       0  portasm_1.o(PORT_ASM)
    GPIO_init                                0x00000500   ARM Code     356  gpio.o(i.GPIO_init)
    GPIO_write                               0x00000670   ARM Code     176  gpio.o(i.GPIO_write)
    Task_1                                   0x00000724   ARM Code      72  main.o(i.Task_1)
    Task_2                                   0x00000770   ARM Code      72  main.o(i.Task_2)
    Task_3                                   0x000007bc   ARM Code      72  main.o(i.Task_3)
    main                                     0x0000082c   ARM Code     152  main.o(i.main)
    pvPortMalloc                             0x00000ea0   ARM Code     344  heap_2.o(i.pvPortMalloc)
    pxPortInitialiseStack                    0x00001008   ARM Code     240  port_1.o(i.pxPortInitialiseStack)
    uxListRemove                             0x0000110c   ARM Code      76  list.o(i.uxListRemove)
    vListInitialise                          0x00001158   ARM Code      44  list.o(i.vListInitialise)
    vListInitialiseItem                      0x00001184   ARM Code      12  list.o(i.vListInitialiseItem)
    vListInsert                              0x00001190   ARM Code      96  list.o(i.vListInsert)
    vListInsertEnd                           0x000011f0   ARM Code      48  list.o(i.vListInsertEnd)
    vPortEnterCritical                       0x00001220   ARM Code      36  port_1.o(i.vPortEnterCritical)
    vPortExitCritical                        0x00001248   ARM Code      68  port_1.o(i.vPortExitCritical)
    vPortFree                                0x00001290   ARM Code     112  heap_2.o(i.vPortFree)
    vTaskSetApplicationTaskTag               0x00001308   ARM Code      56  tasks.o(i.vTaskSetApplicationTaskTag)
    vTaskStartScheduler                      0x00001344   ARM Code     296  tasks.o(i.vTaskStartScheduler)
    vTaskSuspendAll                          0x000014a4   ARM Code      24  tasks.o(i.vTaskSuspendAll)
    vTaskSwitchContext                       0x000014c0   ARM Code     748  tasks.o(i.vTaskSwitchContext)
    xPortStartScheduler                      0x000017f8   ARM Code      24  port_1.o(i.xPortStartScheduler)
    xTaskDelayUntil                          0x00001810   ARM Code     156  tasks.o(i.xTaskDelayUntil)
    xTaskGetTickCount                        0x000018b0   ARM Code      32  tasks.o(i.xTaskGetTickCount)
    xTaskIncrementTick                       0x000018d4   ARM Code     444  tasks.o(i.xTaskIncrementTick)
    xTaskPeriodicCreate                      0x00001ac0   ARM Code     196  tasks.o(i.xTaskPeriodicCreate)
    xTaskResumeAll                           0x00001b84   ARM Code     336  tasks.o(i.xTaskResumeAll)
    __aeabi_fdiv                             0x00001cf4   ARM Code       0  fdiv.o(x$fpl$fdiv)
    _fdiv                                    0x00001cf4   ARM Code     396  fdiv.o(x$fpl$fdiv)
    __aeabi_f2iz                             0x00001e84   ARM Code       0  ffix.o(x$fpl$ffix)
    _ffix                                    0x00001e84   ARM Code      68  ffix.o(x$fpl$ffix)
    __aeabi_i2f                              0x00001ec8   ARM Code       0  fflt_noclz.o(x$fpl$fflt)
    _fflt                                    0x00001ec8   ARM Code      92  fflt_noclz.o(x$fpl$fflt)
    __fflt_normalise                         0x00001ed4   ARM Code       0  fflt_noclz.o(x$fpl$fflt)
    __aeabi_fmul                             0x00001f24   ARM Code       0  fmul.o(x$fpl$fmul)
    _fmul                                    0x00001f24   ARM Code     256  fmul.o(x$fpl$fmul)
    __fpl_fnaninf                            0x00002024   ARM Code     168  fnaninf.o(x$fpl$fnaninf)
    __fpl_fretinf                            0x000020cc   ARM Code      16  fretinf.o(x$fpl$fretinf)
    Region$$Table$$Base                      0x000020dc   Number         0  anon$$obj.o(Region$$Table)
    __I$use$fp                               0x000020dc   Number         0  usenofp.o(x$fpl$usenofp)
    Region$$Table$$Limit                     0x000020fc   Number         0  anon$$obj.o(Region$$Table)
    Task1Handler                             0x40000000   Data           4  main.o(.data)
    Task2Handler                             0x40000004   Data           4  main.o(.data)
    Task3Handler                             0x40000008   Data           4  main.o(.data)
    tsk1_IN                                  0x4000000c   Data           4  main.o(.data)
    tsk1_OUT                                 0x40000010   Data           4  main.o(.data)
    tsk1_TOT                                 0x40000014   Data           4  main.o(.data)
    tsk2_IN                                  0x40000018   Data           4  main.o(.data)
    tsk2_OUT                                 0x4000001c   Data           4  main.o(.data)
    tsk2_TOT                                 0x40000020   Data           4  main.o(.data)
    tsk3_IN                                  0x40000024   Data           4  main.o(.data)
    tsk3_OUT                                 0x40000028   Data           4  main.o(.data)
    tsk3_TOT                                 0x4000002c   Data           4  main.o(.data)
    sys_time                                 0x40000030   Data           4  main.o(.data)
    cpu_load                                 0x40000034   Data           4  main.o(.data)
    PinConfig_array                          0x40000038   Data          90  gpio_cfg.o(.data)
    PinConfig_array_size                     0x40000092   Data           2  gpio_cfg.o(.data)
    pxCurrentTCB                             0x40000094   Data           4  tasks.o(.data)
    uxTopUsedPriority                        0x400000cc   Data           4  tasks.o(.data)
    ulCriticalNesting                        0x400000dc   Data           4  port_1.o(.data)
    __libspace_start                         0x400035c0   Data          96  libspace.o(.bss)
    __temporary_stack_top$libspace           0x40003620   Data           0  libspace.o(.bss)



==============================================================================

Memory Map of the image

  Image Entry point : 0x00000104

  Load Region LR_IROM1 (Base: 0x00000000, Size: 0x000021f4, Max: 0x00040000, ABSOLUTE)

    Execution Region ER_IROM1 (Exec base: 0x00000000, Load base: 0x00000000, Size: 0x000020fc, Max: 0x00040000, ABSOLUTE)

    Exec Addr    Load Addr    Size         Type   Attr      Idx    E Section Name        Object

    0x00000000   0x00000000   0x00000104   Code   RO            3    RESET               startup.o
    0x00000104   0x00000104   0x00000008   Code   RO          975  * !!!main             c_t.l(__main.o)
    0x0000010c   0x0000010c   0x0000003c   Code   RO         1184    !!!scatter          c_t.l(__scatter.o)
    0x00000148   0x00000148   0x00000028   Code   RO         1186    !!handler_copy      c_t.l(__scatter_copy.o)
    0x00000170   0x00000170   0x0000002c   Code   RO         1188    !!handler_zi        c_t.l(__scatter_zi.o)
    0x0000019c   0x0000019c   0x00000008   Ven    RO         1054    .ARM.Collect$$libinit$$00000000  c_t.l(libinit.o)
    0x000001a4   0x000001a4   0x00000002   Code   RO         1054    .ARM.Collect$$libinit$$00000000  c_t.l(libinit.o)
    0x000001a6   0x000001a6   0x00000000   Code   RO         1067    .ARM.Collect$$libinit$$00000002  c_t.l(libinit2.o)
    0x000001a6   0x000001a6   0x00000000   Code   RO         1069    .ARM.Collect$$libinit$$00000004  c_t.l(libinit2.o)
    0x000001a6   0x000001a6   0x00000000   Code   RO         1072    .ARM.Collect$$libinit$$0000000A  c_t.l(libinit2.o)
    0x000001a6   0x000001a6   0x00000000   Code   RO         1074    .ARM.Collect$$libinit$$0000000C  c_t.l(libinit2.o)
    0x000001a6   0x000001a6   0x00000000   Code   RO         1076    .ARM.Collect$$libinit$$0000000E  c_t.l(libinit2.o)
    0x000001a6   0x000001a6   0x00000000   Code   RO         1079    .ARM.Collect$$libinit$$00000011  c_t.l(libinit2.o)
    0x000001a6   0x000001a6   0x00000000   Code   RO         1081    .ARM.Collect$$libinit$$00000013  c_t.l(libinit2.o)
    0x000001a6   0x000001a6   0x00000000   Code   RO         1083    .ARM.Collect$$libinit$$00000015  c_t.l(libinit2.o)
    0x000001a6   0x000001a6   0x00000000   Code   RO         1085    .ARM.Collect$$libinit$$00000017  c_t.l(libinit2.o)
    0x000001a6   0x000001a6   0x00000000   Code   RO         1087    .ARM.Collect$$libinit$$00000019  c_t.l(libinit2.o)
    0x000001a6   0x000001a6   0x00000000   Code   RO         1089    .ARM.Collect$$libinit$$0000001B  c_t.l(libinit2.o)
    0x000001a6   0x000001a6   0x00000000   Code   RO         1091    .ARM.Collect$$libinit$$0000001D  c_t.l(libinit2.o)
    0x000001a6   0x000001a6   0x00000000   Code   RO         1093    .ARM.Collect$$libinit$$0000001F  c_t.l(libinit2.o)
    0x000001a6   0x000001a6   0x00000000   Code   RO         1095    .ARM.Collect$$libinit$$00000021  c_t.l(libinit2.o)
    0x000001a6   0x000001a6   0x00000000   Code   RO         1097    .ARM.Collect$$libinit$$00000023  c_t.l(libinit2.o)
    0x000001a6   0x000001a6   0x00000000   Code   RO         1099    .ARM.Collect$$libinit$$00000025  c_t.l(libinit2.o)
    0x000001a6   0x000001a6   0x00000000   Code   RO         1103    .ARM.Collect$$libinit$$0000002C  c_t.l(libinit2.o)
    0x000001a6   0x000001a6   0x00000000   Code   RO         1105    .ARM.Collect$$libinit$$0000002E  c_t.l(libinit2.o)
    0x000001a6   0x000001a6   0x00000000   Code   RO         1107    .ARM.Collect$$libinit$$00000030  c_t.l(libinit2.o)
    0x000001a6   0x000001a6   0x00000000   Code   RO         1109    .ARM.Collect$$libinit$$00000032  c_t.l(libinit2.o)
    0x000001a6   0x000001a6   0x0000000c   Code   RO         1110    .ARM.Collect$$libinit$$00000033  c_t.l(libinit2.o)
    0x000001b2   0x000001b2   0x00000002   PAD
    0x000001b4   0x000001b4   0x00000008   Ven    RO         1141    .ARM.Collect$$libshutdown$$00000000  c_t.l(libshutdown.o)
    0x000001bc   0x000001bc   0x00000004   Code   RO         1141    .ARM.Collect$$libshutdown$$00000000  c_t.l(libshutdown.o)
    0x000001c0   0x000001c0   0x00000000   Code   RO         1167    .ARM.Collect$$libshutdown$$00000002  c_t.l(libshutdown2.o)
    0x000001c0   0x000001c0   0x00000000   Code   RO         1169    .ARM.Collect$$libshutdown$$00000004  c_t.l(libshutdown2.o)
    0x000001c0   0x000001c0   0x00000000   Code   RO         1172    .ARM.Collect$$libshutdown$$00000007  c_t.l(libshutdown2.o)
    0x000001c0   0x000001c0   0x00000000   Code   RO         1175    .ARM.Collect$$libshutdown$$0000000A  c_t.l(libshutdown2.o)
    0x000001c0   0x000001c0   0x00000000   Code   RO         1177    .ARM.Collect$$libshutdown$$0000000C  c_t.l(libshutdown2.o)
    0x000001c0   0x000001c0   0x00000000   Code   RO         1180    .ARM.Collect$$libshutdown$$0000000F  c_t.l(libshutdown2.o)
    0x000001c0   0x000001c0   0x00000006   Code   RO         1181    .ARM.Collect$$libshutdown$$00000010  c_t.l(libshutdown2.o)
    0x000001c6   0x000001c6   0x00000002   PAD
    0x000001c8   0x000001c8   0x00000000   Code   RO          991    .ARM.Collect$$rtentry$$00000000  c_t.l(__rtentry.o)
    0x000001c8   0x000001c8   0x00000000   Code   RO         1017    .ARM.Collect$$rtentry$$00000002  c_t.l(__rtentry2.o)
    0x000001c8   0x000001c8   0x00000008   Code   RO         1029    .ARM.Collect$$rtentry$$00000004  c_t.l(__rtentry4.o)
    0x000001d0   0x000001d0   0x00000000   Code   RO         1019    .ARM.Collect$$rtentry$$00000009  c_t.l(__rtentry2.o)
    0x000001d0   0x000001d0   0x00000004   Code   RO         1020    .ARM.Collect$$rtentry$$0000000A  c_t.l(__rtentry2.o)
    0x000001d4   0x000001d4   0x00000000   Code   RO         1022    .ARM.Collect$$rtentry$$0000000C  c_t.l(__rtentry2.o)
    0x000001d4   0x000001d4   0x00000028   Code   RO         1023    .ARM.Collect$$rtentry$$0000000D  c_t.l(__rtentry2.o)
    0x000001fc   0x000001fc   0x00000004   Ven    RO         1058    .ARM.Collect$$rtexit$$00000000  c_t.l(rtexit.o)
    0x00000200   0x00000200   0x00000004   Code   RO         1058    .ARM.Collect$$rtexit$$00000000  c_t.l(rtexit.o)
    0x00000204   0x00000204   0x00000000   Code   RO         1114    .ARM.Collect$$rtexit$$00000002  c_t.l(rtexit2.o)
    0x00000204   0x00000204   0x00000004   Code   RO         1115    .ARM.Collect$$rtexit$$00000003  c_t.l(rtexit2.o)
    0x00000208   0x00000208   0x00000008   Code   RO         1116    .ARM.Collect$$rtexit$$00000004  c_t.l(rtexit2.o)
    0x00000210   0x00000210   0x00000020   Code   RO            4    .text               startup.o
    0x00000230   0x00000230   0x00000010   Code   RO          955    .text               c_t.l(aeabi_memset.o)
    0x00000240   0x00000240   0x00000006   Code   RO          973    .text               c_t.l(heapauxi.o)
    0x00000246   0x00000246   0x00000002   PAD
    0x00000248   0x00000248   0x00000040   Code   RO         1007    .text               c_t.l(rt_memclr.o)
    0x00000288   0x00000288   0x00000054   Code   RO         1039    .text               c_t.l(rt_memclr_w.o)
    0x000002dc   0x000002dc   0x00000060   Code   RO         1041    .text               c_t.l(sys_stackheap_outer.o)
    0x0000033c   0x0000033c   0x00000014   Code   RO         1043    .text               c_t.l(exit.o)
    0x00000350   0x00000350   0x0000000c   Code   RO         1055    .text               c_t.l(libspace.o)
    0x0000035c   0x0000035c   0x00000008   Ven    RO         1111    .text               c_t.l(sys_exit.o)
    0x00000364   0x00000364   0x0000000c   Code   RO         1111    .text               c_t.l(sys_exit.o)
    0x00000370   0x00000370   0x00000004   Code   RO         1130    .text               c_t.l(use_no_semi.o)
    0x00000374   0x00000374   0x00000000   Code   RO         1132    .text               c_t.l(indicate_semi.o)
    0x00000374   0x00000374   0x0000018c   Code   RO          907    PORT_ASM            portasm_1.o
    0x00000500   0x00000500   0x00000170   Code   RO          170    i.GPIO_init         gpio.o
    0x00000670   0x00000670   0x000000b4   Code   RO          172    i.GPIO_write        gpio.o
    0x00000724   0x00000724   0x0000004c   Code   RO          101    i.Task_1            main.o
    0x00000770   0x00000770   0x0000004c   Code   RO          102    i.Task_2            main.o
    0x000007bc   0x000007bc   0x0000004c   Code   RO          103    i.Task_3            main.o
    0x00000808   0x00000808   0x00000024   Code   RO          104    i.configTimer1      main.o
    0x0000082c   0x0000082c   0x000000c8   Code   RO          105    i.main              main.o
    0x000008f4   0x000008f4   0x000000d0   Code   RO          423    i.prvAddCurrentTaskToDelayedList  tasks.o
    0x000009c4   0x000009c4   0x0000011c   Code   RO          424    i.prvAddNewTaskToReadyList  tasks.o
    0x00000ae0   0x00000ae0   0x00000078   Code   RO          425    i.prvCheckTasksWaitingTermination  tasks.o
    0x00000b58   0x00000b58   0x00000020   Code   RO          426    i.prvDeleteTCB      tasks.o
    0x00000b78   0x00000b78   0x00000058   Code   RO          869    i.prvHeapInit       heap_2.o
    0x00000bd0   0x00000bd0   0x00000048   Code   RO          427    i.prvIdleTask       tasks.o
    0x00000c18   0x00000c18   0x0000010c   Code   RO          428    i.prvInitialiseNewTask  tasks.o
    0x00000d24   0x00000d24   0x0000009c   Code   RO          429    i.prvInitialiseTaskLists  tasks.o
    0x00000dc0   0x00000dc0   0x0000005c   Code   RO          431    i.prvResetNextTaskUnblockTime  tasks.o
    0x00000e1c   0x00000e1c   0x00000014   Code   RO          106    i.prvSetupHardware  main.o
    0x00000e30   0x00000e30   0x00000070   Code   RO          825    i.prvSetupTimerInterrupt  port_1.o
    0x00000ea0   0x00000ea0   0x00000168   Code   RO          870    i.pvPortMalloc      heap_2.o
    0x00001008   0x00001008   0x00000104   Code   RO          826    i.pxPortInitialiseStack  port_1.o
    0x0000110c   0x0000110c   0x0000004c   Code   RO          216    i.uxListRemove      list.o
    0x00001158   0x00001158   0x0000002c   Code   RO          217    i.vListInitialise   list.o
    0x00001184   0x00001184   0x0000000c   Code   RO          218    i.vListInitialiseItem  list.o
    0x00001190   0x00001190   0x00000060   Code   RO          219    i.vListInsert       list.o
    0x000011f0   0x000011f0   0x00000030   Code   RO          220    i.vListInsertEnd    list.o
    0x00001220   0x00001220   0x00000028   Code   RO          828    i.vPortEnterCritical  port_1.o
    0x00001248   0x00001248   0x00000048   Code   RO          829    i.vPortExitCritical  port_1.o
    0x00001290   0x00001290   0x00000078   Code   RO          871    i.vPortFree         heap_2.o
    0x00001308   0x00001308   0x0000003c   Code   RO          459    i.vTaskSetApplicationTaskTag  tasks.o
    0x00001344   0x00001344   0x00000160   Code   RO          462    i.vTaskStartScheduler  tasks.o
    0x000014a4   0x000014a4   0x0000001c   Code   RO          464    i.vTaskSuspendAll   tasks.o
    0x000014c0   0x000014c0   0x00000338   Code   RO          465    i.vTaskSwitchContext  tasks.o
    0x000017f8   0x000017f8   0x00000018   Code   RO          830    i.xPortStartScheduler  port_1.o
    0x00001810   0x00001810   0x000000a0   Code   RO          470    i.xTaskDelayUntil   tasks.o
    0x000018b0   0x000018b0   0x00000024   Code   RO          478    i.xTaskGetTickCount  tasks.o
    0x000018d4   0x000018d4   0x000001ec   Code   RO          480    i.xTaskIncrementTick  tasks.o
    0x00001ac0   0x00001ac0   0x000000c4   Code   RO          481    i.xTaskPeriodicCreate  tasks.o
    0x00001b84   0x00001b84   0x00000170   Code   RO          485    i.xTaskResumeAll    tasks.o
    0x00001cf4   0x00001cf4   0x00000190   Code   RO          978    x$fpl$fdiv          fz_ts.l(fdiv.o)
    0x00001e84   0x00001e84   0x00000044   Code   RO          981    x$fpl$ffix          fz_ts.l(ffix.o)
    0x00001ec8   0x00001ec8   0x0000005c   Code   RO          986    x$fpl$fflt          fz_ts.l(fflt_noclz.o)
    0x00001f24   0x00001f24   0x00000100   Code   RO          989    x$fpl$fmul          fz_ts.l(fmul.o)
    0x00002024   0x00002024   0x000000a8   Code   RO         1011    x$fpl$fnaninf       fz_ts.l(fnaninf.o)
    0x000020cc   0x000020cc   0x00000010   Code   RO         1013    x$fpl$fretinf       fz_ts.l(fretinf.o)
    0x000020dc   0x000020dc   0x00000000   Code   RO         1015    x$fpl$usenofp       fz_ts.l(usenofp.o)
    0x000020dc   0x000020dc   0x00000020   Data   RO         1182    Region$$Table       anon$$obj.o


    Execution Region RW_IRAM1 (Exec base: 0x40000000, Load base: 0x000020fc, Size: 0x00003c40, Max: 0x00004000, ABSOLUTE)

    Exec Addr    Load Addr    Size         Type   Attr      Idx    E Section Name        Object

    0x40000000   0x000020fc   0x00000038   Data   RW          109    .data               main.o
    0x40000038   0x00002134   0x0000005c   Data   RW          201    .data               gpio_cfg.o
    0x40000094   0x00002190   0x00000048   Data   RW          488    .data               tasks.o
    0x400000dc   0x000021d8   0x00000004   Data   RW          831    .data               port_1.o
    0x400000e0   0x000021dc   0x00000018   Data   RW          875    .data               heap_2.o
    0x400000f8        -       0x000000c8   Zero   RW          487    .bss                tasks.o
    0x400001c0        -       0x00003400   Zero   RW          874    .bss                heap_2.o
    0x400035c0        -       0x00000060   Zero   RW         1056    .bss                c_t.l(libspace.o)
    0x40003620        -       0x00000000   Zero   RW            2    HEAP                startup.o
    0x40003620        -       0x00000620   Zero   RW            1    STACK               startup.o


==============================================================================

Image component sizes


      Code (inc. data)   RO Data    RW Data    ZI Data      Debug   Object Name

       548         16          0          0          0       1041   gpio.o
         0          0          0         92          0       1007   gpio_cfg.o
       568         40          0         24      13312       3587   heap_2.o
       276          0          0          0          0       3094   list.o
       484         64          0         56          0       4123   main.o
       508         40          0          4          0       4115   port_1.o
       396         24          0          0          0        324   portasm_1.o
         0          0          0          0          0      18536   serial.o
       292         60          0          0       1568        516   startup.o
      3748        340          0         72        200      20941   tasks.o

    ----------------------------------------------------------------------
      6820        584         32        248      15080      57284   Object Totals
         0          0         32          0          0          0   (incl. Generated)
         0          0          0          0          0          0   (incl. Padding)

    ----------------------------------------------------------------------

      Code (inc. data)   RO Data    RW Data    ZI Data      Debug   Library Member Name

         8          0          0          0          0         68   __main.o
         0          0          0          0          0          0   __rtentry.o
        44          4          0          0          0          0   __rtentry2.o
         8          0          0          0          0          0   __rtentry4.o
        60          8          0          0          0          0   __scatter.o
        40          0          0          0          0          0   __scatter_copy.o
        44          0          0          0          0          0   __scatter_zi.o
        16          0          0          0          0         68   aeabi_memset.o
        20          0          0          0          0         80   exit.o
         6          0          0          0          0        136   heapauxi.o
         0          0          0          0          0          0   indicate_semi.o
        10          0          0          0          0          0   libinit.o
        12          0          0          0          0          0   libinit2.o
        12          0          0          0          0          0   libshutdown.o
         6          0          0          0          0          0   libshutdown2.o
        12          4          0          0         96         68   libspace.o
        64          0          0          0          0         68   rt_memclr.o
        84          0          0          0          0         80   rt_memclr_w.o
         8          0          0          0          0          0   rtexit.o
        12          0          0          0          0          0   rtexit2.o
        20          4          0          0          0         60   sys_exit.o
        96          0          0          0          0         80   sys_stackheap_outer.o
         4          0          0          0          0         68   use_no_semi.o
       400         76          0          0          0         96   fdiv.o
        68          4          0          0          0         84   ffix.o
        92          0          0          0          0         68   fflt_noclz.o
       256          4          0          0          0         84   fmul.o
       168          0          0          0          0         96   fnaninf.o
        16          0          0          0          0         68   fretinf.o
         0          0          0          0          0          0   usenofp.o

    ----------------------------------------------------------------------
      1592        104          0          0         96       1272   Library Totals
         6          0          0          0          0          0   (incl. Padding)

    ----------------------------------------------------------------------

      Code (inc. data)   RO Data    RW Data    ZI Data      Debug   Library Name

       586         20          0          0         96        776   c_t.l
      1000         84          0          0          0        496   fz_ts.l

    ----------------------------------------------------------------------
      1592        104          0          0         96       1272   Library Totals

    ----------------------------------------------------------------------

==============================================================================


      Code (inc. data)   RO Data    RW Data    ZI Data      Debug   

      8412        688         32        248      15176      56228   Grand Totals
      8412        688         32        248      15176      56228   ELF Image Totals
      8412        688         32        248          0          0   ROM Totals

==============================================================================

    Total RO  Size (Code + RO Data)                 8444 (   8.25kB)
    Total RW  Size (RW Data + ZI Data)             15424 (  15.06kB)
    Total ROM Size (Code + RO Data + RW Data)       8692 (   8.49kB)

==============================================================================

